******************************************************************************
                  TI ARM Linker PC v15.12.3                    
******************************************************************************
>> Linked Thu Aug 31 23:52:48 2017

OUTPUT FILE NAME:   <Wireless_Sensor_Platform_RTOS_2_20_End_Device.out>
ENTRY POINT SYMBOL: "ResetISR"  address: 000041d5


MEMORY CONFIGURATION

         name            origin    length      used     unused   attr    fill
----------------------  --------  ---------  --------  --------  ----  --------
  FLASH                 00000000   00020000  00006cfa  00019306  R  X
  SRAM                  20000000   00005000  00001b21  000034df  RW X


SEGMENT ALLOCATION MAP

run origin  load origin   length   init length attrs members
----------  ----------- ---------- ----------- ----- -------
00000000    00000000    00006ca4   00006ca4    r-x
  00000000    00000000    0000003c   0000003c    r-- .resetVecs
  0000003c    0000003c    00005eb6   00005eb6    r-x .text
  00005ef4    00005ef4    00000ae4   00000ae4    r-- .const
  000069d8    000069d8    000002cc   000002cc    r-- .cinit
0001ffa8    0001ffa8    00000058   00000058    r--
  0001ffa8    0001ffa8    00000058   00000058    r-- .ccfg
20000000    20000000    00001826   00000000    rw-
  20000000    20000000    000000c8   00000000    rw- .vecs
  200000c8    200000c8    000012b3   00000000    rw- .bss
  20001380    20001380    000004a6   00000000    rw- .data
20004d00    20004d00    00000300   00000000    rw-
  20004d00    20004d00    00000300   00000000    rw- .stack


SECTION ALLOCATION MAP

 output                                  attributes/
section   page    origin      length       input sections
--------  ----  ----------  ----------   ----------------
.text      0    0000003c    00005eb6     
                  0000003c    00000228     drivers_cc26xxware.aem3 : PowerCC26XX.oem3 (.text:Power_sleep)
                  00000264    00000204     driverlib.lib : sys_ctrl.obj (.text:NOROM_SysCtrlSetRechargeBeforePowerDown)
                  00000468    000001f4     rtsv7M3_T_le_eabi.lib : ull_div_t2.obj (.text)
                  0000065c    000001d0     drivers_cc26xxware.aem3 : PowerCC26XX_calibrateRCOSC.oem3 (.text:calibrateRcoscHf1)
                  0000082c    000001c8     main.obj (.text:main)
                  000009f4    000001c4     drivers_cc26xxware.aem3 : PINCC26XX.oem3 (.text:PIN_init)
                  00000bb8    00000190                             : UARTCC26XX.oem3 (.text:UARTCC26XX_open)
                  00000d48    00000184                             : PowerCC26XX_calibrateRCOSC.oem3 (.text:PowerCC26XX_doCalibrate)
                  00000ecc    0000014c     main.obj (.text:taskReadFxn)
                  00001018    00000130     driverlib.lib : setup.obj (.text:NOROM_SetupAfterColdResetWakeupFromShutDownCfg3)
                  00001148    0000011c     drivers_cc26xxware.aem3 : PowerCC26XX.oem3 (.text:Power_init)
                  00001264    00000100     scif_framework.obj (.text:scifInit)
                  00001364    000000fc     drivers_cc26xxware.aem3 : UARTCC26XX.oem3 (.text:UARTCC26XX_write)
                  00001460    000000f8     sysbios.aem3 : BIOS.obj (.text:xdc_runtime_Startup_startMods__I)
                  00001558    000000ec     drivers_cc26xxware.aem3 : UARTCC26XX.oem3 (.text:UARTCC26XX_hwiIntFxn)
                  00001644    000000e4     driverlib.lib : setup.obj (.text:NOROM_SetupAfterColdResetWakeupFromShutDownCfg2)
                  00001728    000000e0     scif_framework.obj (.text:scifCtrlTasksNbl)
                  00001808    000000d4     drivers_cc26xxware.aem3 : PowerCC26XX.oem3 (.text:Power_releaseDependency)
                  000018dc    000000d0                             : PowerCC26XX.oem3 (.text:Power_setDependency)
                  000019ac    000000cc     driverlib.lib : setup.obj (.text:TrimAfterColdResetWakeupFromShutDown)
                  00001a78    000000cc     sysbios.aem3 : BIOS.obj (.text:ti_sysbios_knl_Semaphore_pend__E)
                  00001b44    000000cc                  : BIOS.obj (.text:ti_sysbios_knl_Task_Instance_init__E)
                  00001c10    000000c8     drivers_cc26xxware.aem3 : UARTCC26XX.oem3 (.text:UARTCC26XX_initHw)
                  00001cd8    000000c8     main.obj (.text:taskSendFxn)
                  00001da0    000000c8     sysbios.aem3 : m3_Hwi_asm.obj (.text:ti_sysbios_family_arm_m3_Hwi_dispatch__I)
                  00001e68    000000c4                  : BIOS.obj (.text:ti_sysbios_heaps_HeapMem_alloc__E)
                  00001f2c    000000bc     power_cc26xx_tirtos.aem3 : PowerCC26XX_tirtos.oem3 (.text:PowerCC26XX_standbyPolicy)
                  00001fe8    000000bc     drivers_cc26xxware.aem3 : UARTCC26XX.oem3 (.text:UARTCC26XX_read)
                  000020a4    000000b8                             : PINCC26XX.oem3 (.text:PINCC26XX_setIoCfg)
                  0000215c    000000a4     driverlib.lib : setup.obj (.text:NOROM_SetupTrimDevice)
                  00002200    000000a0     auto_init.aem3 : auto_init.oem3 (.text)
                  000022a0    0000009c     rtsv7M3_T_le_eabi.lib : memcpy_t2.obj (.text)
                  0000233c    00000098     sysbios.aem3 : BIOS.obj (.text:ti_sysbios_knl_Clock_workFuncDynamic__E)
                  000023d4    00000094     drivers_cc26xxware.aem3 : PINCC26XX.oem3 (.text:PIN_open)
                  00002468    00000094     scif.obj (.text:scifTaskResourceInit)
                  000024fc    00000094     sysbios.aem3 : BIOS.obj (.text:ti_sysbios_family_arm_m3_Hwi_Instance_init__E)
                  00002590    00000094                  : BIOS.obj (.text:ti_sysbios_knl_Task_Instance_finalize__E)
                  00002624    00000094     drivers_cc26xxware.aem3 : UARTCC26XX.oem3 (.text:writeFinishedDoCallback)
                  000026b8    00000090                             : PowerCC26XX.oem3 (.text:switchXOSCHFclockFunc)
                  00002748    0000008c                             : UARTCC26XX.oem3 (.text:UARTCC26XX_initIO)
                  000027d4    0000008c                             : UARTCC26XX.oem3 (.text:UARTCC26XX_writeCancel)
                  00002860    0000008c     scif_framework.obj (.text:scifInitIo)
                  000028ec    00000088     sysbios.aem3 : BIOS.obj (.text:ti_sysbios_family_arm_m3_Hwi_initNVIC__E)
                  00002974    00000080                  : BIOS.obj (.text:ti_sysbios_knl_Task_postInit__I)
                  000029f4    00000080                  : BIOS.obj (.text:xdc_runtime_Core_createObject__I)
                  00002a74    0000007c     drivers_cc26xxware.aem3 : PowerCC26XX.oem3 (.text:disableLFClockQualifiers)
                  00002af0    0000007a     rtsv7M3_T_le_eabi.lib : memset_t2.obj (.text)
                  00002b6a    00000002     drivers_cc26xxware.aem3 : PowerCC26XX.oem3 (.text:emptyClockFunc)
                  00002b6c    00000078     driverlib.lib : setup.obj (.text:NOROM_SetupAfterColdResetWakeupFromShutDownCfg1)
                  00002be4    00000078     drivers_cc26xxware.aem3 : UARTCC26XX.oem3 (.text:UARTCC26XX_close)
                  00002c5c    00000078     main.obj (.text:connTimeExp)
                  00002cd4    00000078     sysbios.aem3 : BIOS.obj (.text:ti_sysbios_heaps_HeapMem_free__E)
                  00002d4c    00000078                  : BIOS.obj (.text:ti_sysbios_knl_Clock_walkQueueDynamic__E)
                  00002dc4    00000074     drivers_cc26xxware.aem3 : PowerCC26XX_calibrateRCOSC.oem3 (.text:PowerCC26XX_auxISR)
                  00002e38    00000074                             : PowerCC26XX_calibrateRCOSC.oem3 (.text:calibrateRcoscHf2)
                  00002eac    00000074                             : UARTCC26XX.oem3 (.text:writeTxFifoFlush)
                  00002f20    00000070     driverlib.lib : chipinfo.obj (.text:NOROM_ChipInfo_GetHwRevision)
                  00002f90    00000070     drivers_cc26xxware.aem3 : UARTCC26XX.oem3 (.text:UARTCC26XX_readCancel)
                  00003000    0000006c     driverlib.lib : setup.obj (.text:NOROM_SetupGetTrimForAmpcompCtrl)
                  0000306c    0000006c     drivers_cc26xxware.aem3 : PowerCC26XX.oem3 (.text:PowerCC26XX_calibrate)
                  000030d8    0000006c     sysbios.aem3 : BIOS.obj (.text:xdc_runtime_Memory_alloc__E)
                  00003144    0000006a     rtsv7M3_T_le_eabi.lib : copy_decompress_rle.obj (.text)
                  000031ae    00000002     main.obj (.text:scCtrlReadyCallback)
                  000031b0    00000068     driverlib.lib : setup.obj (.text:NOROM_SetupGetTrimForAnabypassValue1)
                  00003218    00000068                   : sys_ctrl.obj (.text:NOROM_SysCtrl_DCDC_VoltageConditionalControl)
                  00003280    00000068     sysbios.aem3 : BIOS.obj (.text:ti_sysbios_knl_Clock_startI__E)
                  000032e8    00000068                  : BIOS.obj (.text:ti_sysbios_knl_Swi_restoreHwi__E)
                  00003350    00000066                  : BIOS.obj (.text:xdc_runtime_Core_deleteObject__I)
                  000033b6    00000002                  : BIOS.obj (.text:ti_sysbios_BIOS_linkedWithIncorrectBootLibrary__E)
                  000033b8    00000064                  : BIOS.obj (.text:ti_sysbios_family_arm_cc26xx_Timer_start__E)
                  0000341c    00000064                  : BIOS.obj (.text:ti_sysbios_knl_Semaphore_post__E)
                  00003480    00000060     drivers_cc26xxware.aem3 : PowerCC26XX_calibrateRCOSC.oem3 (.text:PowerCC26XX_RCOSC_clockFunc)
                  000034e0    00000060                             : PowerCC26XX_calibrateRCOSC.oem3 (.text:updateSubSecInc)
                  00003540    0000005c     driverlib.lib : osc.obj (.text:NOROM_OSCHF_AttemptToSwitchToXosc)
                  0000359c    0000005c                   : sys_ctrl.obj (.text:NOROM_SysCtrlAdjustRechargeAfterPowerDown)
                  000035f8    0000005c     drivers_cc26xxware.aem3 : PINCC26XX.oem3 (.text:PIN_remove)
                  00003654    0000005c     sysbios.aem3 : BIOS.obj (.text:ti_sysbios_knl_Task_Module_startup__E)
                  000036b0    0000005c                  : BIOS.obj (.text:ti_sysbios_knl_Task_startCore__E)
                  0000370c    00000058     drivers_cc26xxware.aem3 : PowerCC26XX_calibrateRCOSC.oem3 (.text:PowerCC26XX_initiateCalibration)
                  00003764    00000058                             : UARTCC26XX.oem3 (.text:UARTCC26XX_control)
                  000037bc    00000058     scif_framework.obj (.text:scifReinitIo)
                  00003814    00000058     scif_framework.obj (.text:scifUninitIo)
                  0000386c    00000058     empty_min_pem3.oem3 (.text:ti_sysbios_family_arm_m3_Hwi_construct)
                  000038c4    00000058     sysbios.aem3 : BIOS.obj (.text:ti_sysbios_family_arm_m3_Hwi_postInit__I)
                  0000391c    00000058                  : BIOS.obj (.text:ti_sysbios_knl_Swi_Instance_init__E)
                  00003974    00000058                  : BIOS.obj (.text:ti_sysbios_knl_Swi_run__I)
                  000039cc    00000054     drivers_cc26xxware.aem3 : PowerCC26XX.oem3 (.text:configureXOSCHF)
                  00003a20    00000054     sysbios.aem3 : BIOS.obj (.text:ti_sysbios_family_arm_m3_Hwi_dispatchC__I)
                  00003a74    00000054     empty_min_pem3.oem3 (.text:ti_sysbios_knl_Swi_construct)
                  00003ac8    00000054     sysbios.aem3 : BIOS.obj (.text:ti_sysbios_knl_Swi_schedule__I)
                  00003b1c    00000054     empty_min_pem3.oem3 (.text:ti_sysbios_knl_Task_construct)
                  00003b70    00000050     driverlib.lib : setup.obj (.text:NOROM_SetupSetCacheModeAccordingToCcfgSetting)
                  00003bc0    00000050     scif.obj (.text:scifTaskResourceUninit)
                  00003c10    00000050     sysbios.aem3 : BIOS.obj (.text:ti_sysbios_knl_Swi_runLoop__I)
                  00003c60    00000050                  : BIOS.obj (.text:xdc_runtime_Startup_exec__E)
                  00003cb0    0000004c     driverlib.lib : osc.obj (.text:NOROM_OSCClockSourceSet)
                  00003cfc    0000004c     drivers_cc26xxware.aem3 : UARTCC26XX.oem3 (.text:UARTCC26XX_swiIntFxn)
                  00003d48    0000004c     rtsv7M3_T_le_eabi.lib : cpy_tbl.obj (.text)
                  00003d94    0000004c     drivers_cc26xxware.aem3 : UARTCC26XX.oem3 (.text:startTxFifoEmptyClk)
                  00003de0    0000004c     sysbios.aem3 : m3_TaskSupport_asm.obj (.text:ti_sysbios_family_arm_m3_TaskSupport_buildTaskStack)
                  00003e2c    0000004c                  : BIOS.obj (.text:ti_sysbios_knl_Task_schedule__I)
                  00003e78    00000048     driverlib.lib : chipinfo.obj (.text:NOROM_ChipInfo_GetChipFamily)
                  00003ec0    00000048                   : ddi.obj (.text:NOROM_DDI16BitfieldWrite)
                  00003f08    00000048     drivers_cc26xxware.aem3 : PINCC26XX.oem3 (.text:PIN_setOutputEnable)
                  00003f50    00000048                             : PINCC26XX.oem3 (.text:PIN_swi)
                  00003f98    00000048                             : PowerCC26XX.oem3 (.text:notify)
                  00003fe0    00000048     sysbios.aem3 : BIOS.obj (.text:ti_sysbios_family_arm_m3_Hwi_Module_startup__E)
                  00004028    00000048                  : m3_Hwi_asm_switch.obj (.text:ti_sysbios_family_arm_m3_Hwi_initStacks__E)
                  00004070    00000048                  : BIOS.obj (.text:ti_sysbios_family_arm_m3_Timer_setPeriod__E)
                  000040b8    00000048                  : BIOS.obj (.text:ti_sysbios_heaps_HeapMem_getStats__E)
                  00004100    00000048                  : BIOS.obj (.text:xdc_runtime_Core_assignParams__I)
                  00004148    00000048                  : BIOS.obj (.text:xdc_runtime_Core_constructObject__I)
                  00004190    00000044     main.obj (.text:assctCallbackFxn)
                  000041d4    00000044     boot.aem3 : boot.oem3 (.text)
                  00004218    00000044     scif.obj (.text:scifStartRtcTicks)
                  0000425c    00000044     sysbios.aem3 : BIOS.obj (.text:ti_sysbios_family_arm_m3_Hwi_disableInterrupt__E)
                  000042a0    00000044                  : BIOS.obj (.text:ti_sysbios_family_arm_m3_Hwi_enableInterrupt__E)
                  000042e4    00000044                  : BIOS.obj (.text:ti_sysbios_family_arm_m3_Timer_start__E)
                  00004328    00000044                  : BIOS.obj (.text:ti_sysbios_knl_Swi_post__E)
                  0000436c    00000044                  : BIOS.obj (.text:ti_sysbios_knl_Task_allBlockedFunction__I)
                  000043b0    00000040     driverlib.lib : ddi.obj (.text:NOROM_DDI16BitfieldRead)
                  000043f0    00000040     sysbios.aem3 : BIOS.obj (.text:ti_sysbios_family_arm_m3_Hwi_getStackInfo__E)
                  00004430    0000003c     driverlib.lib : osc.obj (.text:NOROM_OSC_HPOSCRelativeFrequencyOffsetGet)
                  0000446c    0000003c     drivers_cc26xxware.aem3 : PINCC26XX.oem3 (.text:PIN_setOutputValue)
                  000044a8    0000003a     sysbios.aem3 : BIOS.obj (.text:ti_sysbios_knl_Task_exit__E)
                  000044e2    00000002     empty_min_pem3.oem3 (.text:ti_sysbios_BIOS_nullFunc__I)
                  000044e4    00000038     drivers_cc26xxware.aem3 : PINCC26XX.oem3 (.text:PIN_setInterrupt)
                  0000451c    00000038                             : UART.oem3 (.text:UART_init)
                  00004554    00000038                             : UARTCC26XX.oem3 (.text:readData)
                  0000458c    00000038     main.obj (.text:sleepCallbackFxn)
                  000045c4    00000038     sysbios.aem3 : BIOS.obj (.text:ti_sysbios_family_arm_cc26xx_Timer_getCurrentTick__E)
                  000045fc    00000038                  : BIOS.obj (.text:ti_sysbios_heaps_HeapMem_Instance_init__E)
                  00004634    00000038                  : BIOS.obj (.text:ti_sysbios_knl_Clock_Instance_init__E)
                  0000466c    00000038     drivers_cc26xxware.aem3 : UARTCC26XX.oem3 (.text:writeData)
                  000046a4    00000038     sysbios.aem3 : BIOS.obj (.text:xdc_runtime_System_atexit__E)
                  000046dc    00000034     driverlib.lib : osc.obj (.text:NOROM_OSCHF_SwitchToRcOscTurnOffXosc)
                  00004710    00000034     drivers_cc26xxware.aem3 : PINCC26XX.oem3 (.text:PIN_setConfig)
                  00004744    00000034     scif_framework.obj (.text:scifAckAlertEvents)
                  00004778    00000034     scif_framework.obj (.text:scifOsalInit)
                  000047ac    00000034     empty_min_pem3.oem3 (.text:ti_sysbios_BIOS_startFunc__I)
                  000047e0    00000034     sysbios.aem3 : BIOS.obj (.text:ti_sysbios_family_arm_cc26xx_Timer_initDevice__I)
                  00004814    00000034                  : BIOS.obj (.text:ti_sysbios_family_arm_m3_Timer_initDevice__I)
                  00004848    00000034                  : BIOS.obj (.text:ti_sysbios_family_arm_m3_Timer_periodicStub__I)
                  0000487c    00000034                  : BIOS.obj (.text:ti_sysbios_heaps_HeapMem_init__I)
                  000048b0    00000034     empty_min_pem3.oem3 (.text:ti_sysbios_knl_Clock_construct)
                  000048e4    00000034     sysbios.aem3 : BIOS.obj (.text:ti_sysbios_knl_Swi_restore__E)
                  00004918    00000034                  : BIOS.obj (.text:ti_sysbios_knl_Task_blockI__E)
                  0000494c    00000034                  : BIOS.obj (.text:xdc_runtime_Core_assignLabel__I)
                  00004980    00000032                  : BIOS.obj (.text:ti_sysbios_family_arm_cc26xx_Timer_setNextTick__E)
                  000049b2    00000002                  : BIOS.obj (.text:ti_sysbios_gates_GateHwi_Instance_init__E)
                  000049b4    00000030     driverlib.lib : setup.obj (.text:NOROM_SetupSetAonRtcSubSecInc)
                  000049e4    00000030     drivers_cc26xxware.aem3 : PowerCC26XX.oem3 (.text:Power_releaseConstraint)
                  00004a14    00000030                             : PowerCC26XX.oem3 (.text:Power_setConstraint)
                  00004a44    00000030                             : UART.oem3 (.text:UART_open)
                  00004a74    00000030     scif_framework.obj (.text:osalRegisterCtrlReadyInt)
                  00004aa4    00000030     scif_framework.obj (.text:osalRegisterTaskAlertInt)
                  00004ad4    00000030     empty_min_pem3.oem3 (.text:ti_sysbios_BIOS_atExitFunc__I)
                  00004b04    00000030     sysbios.aem3 : BIOS.obj (.text:ti_sysbios_family_arm_cc26xx_Timer_setThreshold__I)
                  00004b34    00000030                  : BIOS.obj (.text:ti_sysbios_family_arm_m3_Hwi_Instance_finalize__E)
                  00004b64    00000030     empty_min_pem3.oem3 (.text:ti_sysbios_gates_GateHwi_Object__create__S)
                  00004b94    00000030     empty_min_pem3.oem3 (.text:ti_sysbios_gates_GateMutex_Object__create__S)
                  00004bc4    00000030     sysbios.aem3 : BIOS.obj (.text:ti_sysbios_gates_GateMutex_enter__E)
                  00004bf4    00000030     empty_min_pem3.oem3 (.text:ti_sysbios_heaps_HeapMem_Object__create__S)
                  00004c24    00000030     empty_min_pem3.oem3 (.text:ti_sysbios_knl_Semaphore_construct)
                  00004c54    00000030     sysbios.aem3 : BIOS.obj (.text:ti_sysbios_knl_Task_processVitalTaskFlag__I)
                  00004c84    00000030                  : BIOS.obj (.text:xdc_runtime_System_processAtExit__E)
                  00004cb4    0000002e                  : BIOS.obj (.text:ti_sysbios_family_arm_m3_TaskSupport_start__E)
                  00004ce2    00000002                  : BIOS.obj (.text:ti_sysbios_knl_Clock_logTick__E)
                  00004ce4    0000002c     driverlib.lib : ddi.obj (.text:NOROM_DDI32RegWrite)
                  00004d10    0000002c                   : setup.obj (.text:NOROM_SetupGetTrimForRadcExtCfg)
                  00004d3c    0000002c     drivers_cc26xxware.aem3 : PINCC26XX.oem3 (.text:PINCC26XX_setMux)
                  00004d68    0000002c     scif_framework.obj (.text:osalIndicateCtrlReady)
                  00004d94    0000002c     scif_framework.obj (.text:osalLockCtrlTaskNbl)
                  00004dc0    0000002c     sysbios.aem3 : BIOS.obj (.text:ti_sysbios_hal_Hwi_initStack)
                  00004dec    0000002c                  : BIOS.obj (.text:ti_sysbios_knl_Clock_getTicksUntilInterrupt__E)
                  00004e18    0000002c     empty_min_pem3.oem3 (.text:ti_sysbios_knl_Queue_construct)
                  00004e44    0000002c     sysbios.aem3 : BIOS.obj (.text:ti_sysbios_knl_Semaphore_pendTimeout__I)
                  00004e70    0000002c                  : BIOS.obj (.text:ti_sysbios_knl_Task_unblockI__E)
                  00004e9c    0000002c                  : BIOS.obj (.text:xdc_runtime_Text_cordText__E)
                  00004ec8    00000028     driverlib.lib : aon_batmon.obj (.text:NOROM_AONBatMonTemperatureGetDegC)
                  00004ef0    00000028     drivers_cc26xxware.aem3 : PowerCC26XX.oem3 (.text:Power_registerNotify)
                  00004f18    00000028     driverlib.lib : adi.obj (.text:SafeHapiVoid)
                  00004f40    00000028     sysbios.aem3 : BIOS.obj (.text:ti_sysbios_family_arm_cc26xx_Timer_getMaxTicks__E)
                  00004f68    00000028                  : BIOS.obj (.text:ti_sysbios_knl_Clock_addI__E)
                  00004f90    00000028                  : BIOS.obj (.text:ti_sysbios_knl_Task_restore__E)
                  00004fb8    00000026     drivers_cc26xxware.aem3 : List.oem3 (.text:List_put)
                  00004fde    00000002     sysbios.aem3 : BIOS.obj (.text:ti_sysbios_knl_Clock_triggerFunc__I)
                  00004fe0    00000024     drivers_cc26xxware.aem3 : PINCC26XX.oem3 (.text:PINCC26XX_getPinCount)
                  00005004    00000024                             : PowerCC26XX_calibrateRCOSC.oem3 (.text:getTdcSemaphore)
                  00005028    00000024     empty_min_pem3.oem3 (.text:ti_sysbios_BIOS_registerRTSLock__I)
                  0000504c    00000024     empty_min_pem3.oem3 (.text:ti_sysbios_BIOS_removeRTSLock__I)
                  00005070    00000024     sysbios.aem3 : BIOS.obj (.text:ti_sysbios_family_arm_cc26xx_Timer_Module_startup__E)
                  00005094    00000024                  : BIOS.obj (.text:ti_sysbios_family_arm_cc26xx_Timer_startup__E)
                  000050b8    00000024                  : BIOS.obj (.text:ti_sysbios_family_arm_m3_Timer_Module_startup__E)
                  000050dc    00000024                  : BIOS.obj (.text:ti_sysbios_family_arm_m3_Timer_postInit__I)
                  00005100    00000024                  : BIOS.obj (.text:ti_sysbios_family_arm_m3_Timer_startup__E)
                  00005124    00000024     empty_min_pem3.oem3 (.text:ti_sysbios_gates_GateMutex_Object__delete__S)
                  00005148    00000024     sysbios.aem3 : BIOS.obj (.text:ti_sysbios_knl_Semaphore_Instance_init__E)
                  0000516c    00000024                  : BIOS.obj (.text:ti_sysbios_knl_Swi_Module_startup__E)
                  00005190    00000022                  : BIOS.obj (.text:ti_sysbios_family_arm_cc26xx_Timer_postInit__I)
                  000051b2    00000002                  : BIOS.obj (.text:ti_sysbios_knl_Swi_Instance_finalize__E)
                  000051b4    00000020     driverlib.lib : setup.obj (.text:NOROM_SetupGetTrimForXoscHfCtl)
                  000051d4    00000020     drivers_cc26xxware.aem3 : PowerCC26XX.oem3 (.text:Power_unregisterNotify)
                  000051f4    00000020     empty_min_pem3.oem3 (.text:ti_sysbios_BIOS_rtsLock__I)
                  00005214    00000020     sysbios.aem3 : BIOS.obj (.text:ti_sysbios_family_arm_cc26xx_Timer_dynamicStub__E)
                  00005234    00000020                  : m3_Hwi_asm.obj (.text:ti_sysbios_family_arm_m3_Hwi_excHandlerAsm__I)
                  00005254    00000020                  : BIOS.obj (.text:ti_sysbios_family_arm_m3_Hwi_excHandler__I)
                  00005274    00000020     empty_min_pem3.oem3 (.text:ti_sysbios_gates_GateHwi_Object__delete__S)
                  00005294    00000020     empty_min_pem3.oem3 (.text:ti_sysbios_heaps_HeapMem_Object__delete__S)
                  000052b4    00000020     sysbios.aem3 : BIOS.obj (.text:ti_sysbios_knl_Clock_Module_startup__E)
                  000052d4    00000020     empty_min_pem3.oem3 (.text:ti_sysbios_knl_Clock_Object__destruct__S)
                  000052f4    00000020     sysbios.aem3 : BIOS.obj (.text:ti_sysbios_knl_Clock_getTicks__E)
                  00005314    00000020                  : BIOS.obj (.text:ti_sysbios_knl_Clock_stop__E)
                  00005334    00000020                  : BIOS.obj (.text:ti_sysbios_knl_Idle_run__E)
                  00005354    00000020     empty_min_pem3.oem3 (.text:ti_sysbios_knl_Semaphore_Object__destruct__S)
                  00005374    00000020     sysbios.aem3 : BIOS.obj (.text:ti_sysbios_knl_Task_restoreHwi__E)
                  00005394    0000001e     drivers_cc26xxware.aem3 : PINCC26XX.oem3 (.text:PIN_close)
                  000053b2    0000001e                             : PowerCC26XX.oem3 (.text:Power_getTransitionLatency)
                  000053d0    0000001e     sysbios.aem3 : m3_Hwi_asm_switch.obj (.text:ti_sysbios_family_xxx_Hwi_switchAndRunFunc)
                  000053ee    00000002                  : BIOS.obj (.text:xdc_runtime_Error_policySpin__E)
                  000053f0    0000001c     driverlib.lib : osc.obj (.text:NOROM_OSCClockSourceGet)
                  0000540c    0000001c                   : setup.obj (.text:NOROM_SetupGetTrimForAmpcompTh2)
                  00005428    0000001c                   : setup.obj (.text:NOROM_SetupGetTrimForRcOscLfRtuneCtuneTrim)
                  00005444    0000001c     drivers_cc26xxware.aem3 : PINCC26XX.oem3 (.text:PINCC26XX_setIoCfgMux)
                  00005460    0000001c                             : PINCC26XX.oem3 (.text:PIN_hwi)
                  0000547c    0000001c     empty_min_pem3.oem3 (.text:ti_sysbios_family_arm_m3_Hwi_Object__destruct__S)
                  00005498    0000001c     sysbios.aem3 : BIOS.obj (.text:ti_sysbios_family_arm_m3_Hwi_clearInterrupt__E)
                  000054b4    0000001c                  : BIOS.obj (.text:ti_sysbios_family_arm_m3_Hwi_setPriority__E)
                  000054d0    0000001c                  : BIOS.obj (.text:ti_sysbios_family_arm_m3_Timer_stop__E)
                  000054ec    0000001c                  : BIOS.obj (.text:ti_sysbios_gates_GateMutex_Instance_init__E)
                  00005508    0000001c                  : BIOS.obj (.text:ti_sysbios_knl_Clock_scheduleNextTick__E)
                  00005524    0000001c     empty_min_pem3.oem3 (.text:ti_sysbios_knl_Queue_Object__destruct__S)
                  00005540    0000001c     sysbios.aem3 : BIOS.obj (.text:ti_sysbios_knl_Queue_put__E)
                  0000555c    0000001c     empty_min_pem3.oem3 (.text:ti_sysbios_knl_Swi_Object__destruct__S)
                  00005578    0000001c     sysbios.aem3 : BIOS.obj (.text:ti_sysbios_knl_Task_enter__I)
                  00005594    0000001c                  : BIOS.obj (.text:xdc_runtime_Error_check__E)
                  000055b0    0000001c                  : BIOS.obj (.text:xdc_runtime_Error_raiseX__E)
                  000055cc    0000001c                  : BIOS.obj (.text:xdc_runtime_Memory_valloc__E)
                  000055e8    0000001c                  : BIOS.obj (.text:xdc_runtime_System_abort__E)
                  00005604    0000001a     drivers_cc26xxware.aem3 : List.oem3 (.text:List_remove)
                  0000561e    0000001a     sysbios.aem3 : m3_Hwi_asm.obj (.text:ti_sysbios_family_arm_m3_Hwi_pendSV__I)
                  00005638    00000018     driverlib.lib : aon_rtc.obj (.text:NOROM_AONRTCCurrentCompareValueGet)
                  00005650    00000018                   : chipinfo.obj (.text:NOROM_ChipInfo_GetPackageType)
                  00005668    00000018                   : osc.obj (.text:NOROM_OSCHF_TurnOnXosc)
                  00005680    00000018                   : setup.obj (.text:NOROM_SetupGetTrimForAdcShModeEn)
                  00005698    00000018                   : setup.obj (.text:NOROM_SetupGetTrimForAdcShVbufEn)
                  000056b0    00000018                   : setup.obj (.text:NOROM_SetupGetTrimForAmpcompTh1)
                  000056c8    00000018                   : setup.obj (.text:NOROM_SetupGetTrimForDblrLoopFilterResetVoltage)
                  000056e0    00000018                   : setup.obj (.text:NOROM_SetupGetTrimForRcOscLfIBiasTrim)
                  000056f8    00000018                   : setup.obj (.text:NOROM_SetupGetTrimForXoscLfRegulatorAndCmirrwrRatio)
                  00005710    00000018     drivers_cc26xxware.aem3 : PowerCC26XX.oem3 (.text:Power_idleFunc)
                  00005728    00000018                             : UARTCC26XX.oem3 (.text:UARTCC26XX_init)
                  00005740    00000018                             : UART.oem3 (.text:UART_Params_init)
                  00005758    00000018                             : PowerCC26XX.oem3 (.text:configureRFCoreClocks)
                  00005770    00000018     rtsv7M3_T_le_eabi.lib : args_main.obj (.text)
                  00005788    00000018                           : ll_mul_t2.obj (.text)
                  000057a0    00000018     scif_framework.obj (.text:scifClearAlertIntSource)
                  000057b8    00000018     empty_min_pem3.oem3 (.text:ti_sysbios_BIOS_rtsUnlock__I)
                  000057d0    00000018     empty_min_pem3.oem3 (.text:ti_sysbios_family_arm_cc26xx_Timer_Module__startupDone__F)
                  000057e8    00000018     empty_min_pem3.oem3 (.text:ti_sysbios_family_arm_m3_Hwi_Module__startupDone__F)
                  00005800    00000018     sysbios.aem3 : BIOS.obj (.text:ti_sysbios_family_arm_m3_Hwi_plug__E)
                  00005818    00000018     empty_min_pem3.oem3 (.text:ti_sysbios_family_arm_m3_Timer_Module__startupDone__F)
                  00005830    00000018     empty_min_pem3.oem3 (.text:ti_sysbios_gates_GateHwi_Handle__label__S)
                  00005848    00000018     empty_min_pem3.oem3 (.text:ti_sysbios_gates_GateMutex_Handle__label__S)
                  00005860    00000018     sysbios.aem3 : BIOS.obj (.text:ti_sysbios_gates_GateMutex_leave__E)
                  00005878    00000018     empty_min_pem3.oem3 (.text:ti_sysbios_heaps_HeapMem_Handle__label__S)
                  00005890    00000018     sysbios.aem3 : BIOS.obj (.text:ti_sysbios_knl_Swi_or__E)
                  000058a8    00000018                  : BIOS.obj (.text:ti_sysbios_knl_Task_unblock__E)
                  000058c0    00000018                  : BIOS.obj (.text:xdc_runtime_System_exit__E)
                  000058d8    00000016     empty_min_pem3.oem3 (.text:ti_sysbios_BIOS_exitFunc__I)
                  000058ee    00000016     scif_framework.obj (.text:ti_sysbios_family_arm_m3_Hwi_Params_init)
                  00005904    00000016     sysbios.aem3 : BIOS.obj (.text:ti_sysbios_knl_Clock_Instance_finalize__E)
                  0000591a    00000016                  : BIOS.obj (.text:ti_sysbios_knl_Clock_start__E)
                  00005930    00000016     main.obj (.text:ti_sysbios_knl_Semaphore_Params_init)
                  00005946    00000016     scif_framework.obj (.text:ti_sysbios_knl_Semaphore_Params_init)
                  0000595c    00000016     main.obj (.text:ti_sysbios_knl_Task_Params_init)
                  00005972    00000002     sysbios.aem3 : BIOS.obj (.text:xdc_runtime_SysCallback_defaultAbort)
                  00005974    00000014     driverlib.lib : aon_rtc.obj (.text:NOROM_AONRTCCurrent64BitValueGet)
                  00005988    00000014                   : aux_adc.obj (.text:NOROM_AUXADCValueToMicrovolts)
                  0000599c    00000014                   : chipinfo.obj (.text:NOROM_ThisCodeIsBuiltForCC26xxHwRev22AndLater_HaltIfViolated)
                  000059b0    00000014     scif_framework.obj (.text:osalIndicateTaskAlert)
                  000059c4    00000014     rtsv7M3_T_le_eabi.lib : _lock.obj (.text)
                  000059d8    00000014     main.obj (.text:scTaskAlertCallback)
                  000059ec    00000014     scif_framework.obj (.text:scifOsalRegisterCtrlReadyCallback)
                  00005a00    00000014     scif_framework.obj (.text:scifOsalRegisterTaskAlertCallback)
                  00005a14    00000014     empty_min_pem3.oem3 (.text:ti_sysbios_family_arm_m3_Hwi_Object__get__S)
                  00005a28    00000014     sysbios.aem3 : BIOS.obj (.text:ti_sysbios_family_arm_m3_Hwi_switchFromBootStack__E)
                  00005a3c    00000014     empty_min_pem3.oem3 (.text:ti_sysbios_heaps_HeapMem_Object__get__S)
                  00005a50    00000014     empty_min_pem3.oem3 (.text:ti_sysbios_knl_Clock_doTick__I)
                  00005a64    00000014     empty_min_pem3.oem3 (.text:ti_sysbios_knl_Swi_Object__get__S)
                  00005a78    00000012     scif_framework.obj (.text:scifStartTasksNbl)
                  00005a8a    00000012     sysbios.aem3 : BIOS.obj (.text:ti_sysbios_hal_Hwi_Module_startup__E)
                  00005a9c    00000012                  : BIOS.obj (.text:ti_sysbios_hal_Timer_Module_startup__E)
                  00005aae    00000012     empty_min_pem3.oem3 (.text:xdc_runtime_Startup_exec__I)
                  00005ac0    00000010     driverlib.lib : setup.obj (.text:NOROM_SetupGetTrimForXoscHfFastStart)
                  00005ad0    00000010                   : setup.obj (.text:NOROM_SetupGetTrimForXoscHfIbiastherm)
                  00005ae0    00000010     sysbios.aem3 : BIOS.obj (.text:ti_sysbios_BIOS_exit__E)
                  00005af0    00000010                  : BIOS.obj (.text:ti_sysbios_BIOS_getCpuFreq__E)
                  00005b00    00000010                  : BIOS.obj (.text:ti_sysbios_BIOS_setThreadType__E)
                  00005b10    00000010                  : BIOS.obj (.text:ti_sysbios_BIOS_start__E)
                  00005b20    00000010                  : m3_TaskSupport_asm.obj (.text:ti_sysbios_family_arm_m3_TaskSupport_glue)
                  00005b30    00000010                  : m3_TaskSupport_asm.obj (.text:ti_sysbios_family_arm_m3_TaskSupport_swap__E)
                  00005b40    00000010                  : BIOS.obj (.text:ti_sysbios_gates_GateMutex_Instance_finalize__E)
                  00005b50    00000010                  : BIOS.obj (.text:ti_sysbios_knl_Semaphore_Instance_finalize__E)
                  00005b60    00000010                  : BIOS.obj (.text:ti_sysbios_knl_Swi_disable__E)
                  00005b70    00000010                  : BIOS.obj (.text:ti_sysbios_knl_Swi_enabled__E)
                  00005b80    00000010     empty_min_pem3.oem3 (.text:ti_sysbios_knl_Task_Object__get__S)
                  00005b90    00000010     sysbios.aem3 : BIOS.obj (.text:ti_sysbios_knl_Task_disable__E)
                  00005ba0    00000010     drivers_cc26xxware.aem3 : UARTCC26XX.oem3 (.text:uartPostNotify)
                  00005bb0    00000010     sysbios.aem3 : BIOS.obj (.text:xdc_runtime_Gate_leaveSystem__E)
                  00005bc0    00000010                  : BIOS.obj (.text:xdc_runtime_Memory_free__E)
                  00005bd0    00000010                  : BIOS.obj (.text:xdc_runtime_SysCallback_abort__E)
                  00005be0    00000010                  : BIOS.obj (.text:xdc_runtime_SysCallback_exit__E)
                  00005bf0    0000000e     driverlib.lib : setup.obj (.text:NOROM_SetupSignExtendVddrTrimValue)
                  00005bfe    0000000e                   : vims.obj (.text:NOROM_VIMSModeGet)
                  00005c0c    0000000e     rtsv7M3_T_le_eabi.lib : copy_decompress_none.obj (.text:decompress:none)
                  00005c1a    0000000e     scif_framework.obj (.text:osalCtrlReadyIsr)
                  00005c28    0000000e     scif_framework.obj (.text:osalTaskAlertIsr)
                  00005c36    0000000e     sysbios.aem3 : BIOS.obj (.text:ti_sysbios_heaps_HeapMem_restore__E)
                  00005c44    0000000e                  : BIOS.obj (.text:ti_sysbios_knl_Queue_empty__E)
                  00005c52    0000000e                  : BIOS.obj (.text:ti_sysbios_knl_Queue_remove__E)
                  00005c60    0000000c     driverlib.lib : cpu.obj (.text:NOROM_CPUcpsid)
                  00005c6c    0000000c                   : cpu.obj (.text:NOROM_CPUcpsie)
                  00005c78    0000000c     drivers_cc26xxware.aem3 : PINCC26XX.oem3 (.text:PIN_registerIntCb)
                  00005c84    0000000c                             : PowerCC26XX.oem3 (.text:Power_getConstraintMask)
                  00005c90    0000000c                             : PowerCC26XX.oem3 (.text:Power_getDependencyCount)
                  00005c9c    0000000c     scif_framework.obj (.text:osalUnlockCtrlTaskNbl)
                  00005ca8    0000000c     scif_framework.obj (.text:scifOsalLeaveCriticalSection)
                  00005cb4    0000000c     empty_min_pem3.oem3 (.text:ti_sysbios_family_arm_m3_Hwi_Params__init__S)
                  00005cc0    0000000c     sysbios.aem3 : BIOS.obj (.text:ti_sysbios_family_arm_m3_Hwi_disableFxn__E)
                  00005ccc    0000000c                  : BIOS.obj (.text:ti_sysbios_family_arm_m3_TaskSupport_getStackAlignment__E)
                  00005cd8    0000000c                  : BIOS.obj (.text:ti_sysbios_gates_GateHwi_enter__E)
                  00005ce4    0000000c     empty_min_pem3.oem3 (.text:ti_sysbios_knl_Clock_Params__init__S)
                  00005cf0    0000000c     empty_min_pem3.oem3 (.text:ti_sysbios_knl_Queue_Object__get__S)
                  00005cfc    0000000c     sysbios.aem3 : BIOS.obj (.text:ti_sysbios_knl_Queue_dequeue__E)
                  00005d08    0000000c                  : BIOS.obj (.text:ti_sysbios_knl_Queue_enqueue__E)
                  00005d14    0000000c     empty_min_pem3.oem3 (.text:ti_sysbios_knl_Semaphore_Params__init__S)
                  00005d20    0000000c     main.obj (.text:ti_sysbios_knl_Semaphore_handle)
                  00005d2c    0000000c     scif_framework.obj (.text:ti_sysbios_knl_Semaphore_handle)
                  00005d38    0000000c     empty_min_pem3.oem3 (.text:ti_sysbios_knl_Swi_Params__init__S)
                  00005d44    0000000c     sysbios.aem3 : BIOS.obj (.text:ti_sysbios_knl_Swi_getTrigger__E)
                  00005d50    0000000c     empty_min_pem3.oem3 (.text:ti_sysbios_knl_Task_Params__init__S)
                  00005d5c    0000000c     sysbios.aem3 : BIOS.obj (.text:ti_sysbios_knl_Task_self__E)
                  00005d68    0000000c                  : BIOS.obj (.text:xdc_runtime_Gate_enterSystem__E)
                  00005d74    0000000c                  : BIOS.obj (.text:xdc_runtime_Memory_calloc__E)
                  00005d80    0000000c                  : BIOS.obj (.text:xdc_runtime_Memory_getMaxDefaultTypeAlign__E)
                  00005d8c    0000000c                  : BIOS.obj (.text:xdc_runtime_Startup_rtsDone__E)
                  00005d98    0000000a     drivers_cc26xxware.aem3 : List.oem3 (.text:List_empty)
                  00005da2    0000000a                             : UART.oem3 (.text:UART_close)
                  00005dac    0000000a                             : UART.oem3 (.text:UART_write)
                  00005db6    0000000a     scif_framework.obj (.text:osalClearCtrlReadyInt)
                  00005dc0    0000000a     scif_framework.obj (.text:osalClearTaskAlertInt)
                  00005dca    0000000a     scif_framework.obj (.text:osalDisableCtrlReadyInt)
                  00005dd4    0000000a     scif_framework.obj (.text:osalDisableTaskAlertInt)
                  00005dde    0000000a     scif_framework.obj (.text:osalEnableCtrlReadyInt)
                  00005de8    0000000a     scif_framework.obj (.text:osalEnableTaskAlertInt)
                  00005df2    0000000a     empty_min_pem3.oem3 (.text:xdc_runtime_IHeap_alloc)
                  00005dfc    0000000a     empty_min_pem3.oem3 (.text:xdc_runtime_IHeap_free)
                  00005e06    00000008     drivers_cc26xxware.aem3 : UARTCC26XX.oem3 (.text:readSemCallback)
                  00005e0e    00000008     scif_framework.obj (.text:scifOsalEnterCriticalSection)
                  00005e16    00000008     sysbios.aem3 : BIOS.obj (.text:ti_sysbios_family_arm_m3_Hwi_doSwiRestore__I)
                  00005e1e    00000008                  : BIOS.obj (.text:ti_sysbios_family_arm_m3_Hwi_startup__E)
                  00005e26    00000008                  : BIOS.obj (.text:ti_sysbios_knl_Idle_loop__E)
                  00005e2e    00000008     drivers_cc26xxware.aem3 : UARTCC26XX.oem3 (.text:writeSemCallback)
                  00005e36    00000006                             : UARTCC26XX.oem3 (.text:UARTCC26XX_readPolling)
                  00005e3c    00000006                             : UARTCC26XX.oem3 (.text:UARTCC26XX_writePolling)
                  00005e42    00000006     rtsv7M3_T_le_eabi.lib : copy_decompress_rle.obj (.text:decompress:rle24)
                  00005e48    00000006     sysbios.aem3 : BIOS.obj (.text:ti_sysbios_family_arm_m3_Hwi_doTaskRestore__I)
                  00005e4e    00000006                  : BIOS.obj (.text:ti_sysbios_family_arm_m3_Hwi_restoreFxn__E)
                  00005e54    00000006                  : BIOS.obj (.text:ti_sysbios_gates_GateHwi_leave__E)
                  00005e5a    00000006                  : BIOS.obj (.text:ti_sysbios_heaps_HeapMem_isBlocking__E)
                  00005e60    00000006                  : BIOS.obj (.text:ti_sysbios_knl_Queue_Instance_init__E)
                  00005e66    00000006                  : BIOS.obj (.text:ti_sysbios_knl_Queue_elemClear__E)
                  00005e6c    00000006                  : BIOS.obj (.text:ti_sysbios_knl_Swi_startup__E)
                  00005e72    00000006                  : BIOS.obj (.text:xdc_runtime_System_Module_startup__E)
                  00005e78    00000004     tirtosport.aem3 : HwiP_tirtos.oem3 (.text:HwiP_disable)
                  00005e7c    00000004     drivers_cc26xxware.aem3 : List.oem3 (.text:List_head)
                  00005e80    00000004                             : List.oem3 (.text:List_next)
                  00005e84    00000004                             : PowerCC26XX.oem3 (.text:nopResourceHandler)
                  00005e88    00000004     empty_min_pem3.oem3 (.text:ti_sysbios_BIOS_RtsGateProxy_enter__E)
                  00005e8c    00000004     empty_min_pem3.oem3 (.text:ti_sysbios_BIOS_RtsGateProxy_leave__E)
                  00005e90    00000004     sysbios.aem3 : BIOS.obj (.text:ti_sysbios_family_arm_cc26xx_Timer_getCount64__E)
                  00005e94    00000004                  : BIOS.obj (.text:ti_sysbios_family_arm_cc26xx_Timer_setPeriod__E)
                  00005e98    00000004     empty_min_pem3.oem3 (.text:ti_sysbios_family_arm_m3_Hwi_destruct)
                  00005e9c    00000004     empty_min_pem3.oem3 (.text:ti_sysbios_family_arm_m3_TaskSupport_Module__startupDone__S)
                  00005ea0    00000004     sysbios.aem3 : BIOS.obj (.text:ti_sysbios_gates_GateHwi_query__E)
                  00005ea4    00000004                  : BIOS.obj (.text:ti_sysbios_gates_GateMutex_query__E)
                  00005ea8    00000004     empty_min_pem3.oem3 (.text:ti_sysbios_heaps_HeapMem_Module_GateProxy_enter__E)
                  00005eac    00000004     empty_min_pem3.oem3 (.text:ti_sysbios_heaps_HeapMem_Module_GateProxy_leave__E)
                  00005eb0    00000004     empty_min_pem3.oem3 (.text:ti_sysbios_knl_Clock_TimerProxy_getCurrentTick__E)
                  00005eb4    00000004     empty_min_pem3.oem3 (.text:ti_sysbios_knl_Clock_TimerProxy_getMaxTicks__E)
                  00005eb8    00000004     empty_min_pem3.oem3 (.text:ti_sysbios_knl_Clock_TimerProxy_setNextTick__E)
                  00005ebc    00000004     empty_min_pem3.oem3 (.text:ti_sysbios_knl_Clock_destruct)
                  00005ec0    00000004     sysbios.aem3 : BIOS.obj (.text:ti_sysbios_knl_Clock_removeI__E)
                  00005ec4    00000004                  : BIOS.obj (.text:ti_sysbios_knl_Clock_setTimeout__E)
                  00005ec8    00000004     empty_min_pem3.oem3 (.text:ti_sysbios_knl_Queue_destruct)
                  00005ecc    00000004     sysbios.aem3 : BIOS.obj (.text:ti_sysbios_knl_Queue_head__E)
                  00005ed0    00000004                  : BIOS.obj (.text:ti_sysbios_knl_Queue_next__E)
                  00005ed4    00000004     empty_min_pem3.oem3 (.text:ti_sysbios_knl_Semaphore_destruct)
                  00005ed8    00000004     empty_min_pem3.oem3 (.text:ti_sysbios_knl_Swi_destruct)
                  00005edc    00000004     sysbios.aem3 : BIOS.obj (.text:ti_sysbios_knl_Swi_postInit__I)
                  00005ee0    00000004                  : BIOS.obj (.text:ti_sysbios_knl_Task_startup__E)
                  00005ee4    00000004     empty_min_pem3.oem3 (.text:xdc_runtime_System_Module_GateProxy_enter__E)
                  00005ee8    00000004     empty_min_pem3.oem3 (.text:xdc_runtime_System_Module_GateProxy_leave__E)
                  00005eec    00000002     sysbios.aem3 : BIOS.obj (.text:xdc_runtime_SysCallback_defaultExit)
                  00005eee    00000002                  : BIOS.obj (.text:xdc_runtime_System_abortSpin__E)
                  00005ef0    00000002                  : BIOS.obj (.text:xdc_runtime_System_exitSpin__E)

.const     0    00005ef4    00000ae4     
                  00005ef4    00000510     scif.obj (.const:pAuxRamImage)
                  00006404    0000004c     drivers_cc26xxware.aem3 : PowerCC26XX.oem3 (.const:resourceDB)
                  00006450    00000048     empty_min_pem3.oem3 (.const:.string)
                  00006498    00000040     drivers_cc26xxware.aem3 : UARTCC26XX.oem3 (.const)
                  000064d8    0000003c     empty_min_pem3.oem3 (.const:ti_sysbios_knl_Task_Object__PARAMS__C)
                  00006514    00000030     empty_min_pem3.oem3 (.const:ti_sysbios_family_arm_m3_Hwi_Object__PARAMS__C)
                  00006544    00000028     drivers_cc26xxware.aem3 : UARTCC26XX.oem3 (.const:UARTCC26XX_fxnTable)
                  0000656c    00000028     empty_min_pem3.oem3 (.const:ti_sysbios_heaps_HeapMem_Module__FXNS__C)
                  00006594    00000028     empty_min_pem3.oem3 (.const:ti_sysbios_knl_Swi_Object__PARAMS__C)
                  000065bc    00000024     CC2650DK_7ID.obj (.const:BoardGpioInitTable)
                  000065e0    00000024     drivers_cc26xxware.aem3 : UART.oem3 (.const:UART_defaultParams)
                  00006604    00000024     scif.obj (.const:scifDriverSetup)
                  00006628    00000024     empty_min_pem3.oem3 (.const:ti_sysbios_gates_GateHwi_Module__FXNS__C)
                  0000664c    00000024     empty_min_pem3.oem3 (.const:ti_sysbios_gates_GateMutex_Module__FXNS__C)
                  00006670    00000024     empty_min_pem3.oem3 (.const:ti_sysbios_heaps_HeapMem_Object__PARAMS__C)
                  00006694    00000024     empty_min_pem3.oem3 (.const:ti_sysbios_knl_Clock_Object__PARAMS__C)
                  000066b8    00000024     empty_min_pem3.oem3 (.const:ti_sysbios_knl_Semaphore_Object__PARAMS__C)
                  000066dc    00000024     empty_min_pem3.oem3 (.const:xdc_runtime_Startup_sfxnTab__A)
                  00006700    00000020     empty_min_pem3.oem3 (.const:ti_sysbios_family_arm_m3_Hwi_Object__DESC__C)
                  00006720    00000020     empty_min_pem3.oem3 (.const:ti_sysbios_gates_GateHwi_Object__DESC__C)
                  00006740    00000020     empty_min_pem3.oem3 (.const:ti_sysbios_gates_GateMutex_Object__DESC__C)
                  00006760    00000020     empty_min_pem3.oem3 (.const:ti_sysbios_heaps_HeapMem_Object__DESC__C)
                  00006780    00000020     empty_min_pem3.oem3 (.const:ti_sysbios_knl_Clock_Object__DESC__C)
                  000067a0    00000020     empty_min_pem3.oem3 (.const:ti_sysbios_knl_Queue_Object__DESC__C)
                  000067c0    00000020     empty_min_pem3.oem3 (.const:ti_sysbios_knl_Semaphore_Object__DESC__C)
                  000067e0    00000020     empty_min_pem3.oem3 (.const:ti_sysbios_knl_Swi_Object__DESC__C)
                  00006800    00000020     empty_min_pem3.oem3 (.const:ti_sysbios_knl_Task_Object__DESC__C)
                  00006820    00000018     CC2650DK_7ID.obj (.const:UART_config)
                  00006838    00000018     empty_min_pem3.oem3 (.const:ti_sysbios_gates_GateHwi_Object__PARAMS__C)
                  00006850    00000018     empty_min_pem3.oem3 (.const:ti_sysbios_gates_GateMutex_Object__PARAMS__C)
                  00006868    00000018     empty_min_pem3.oem3 (.const:ti_sysbios_knl_Queue_Object__PARAMS__C)
                  00006880    00000018     CC2650DK_7ID.obj (.const:uartCC26XXHWAttrs)
                  00006898    00000012     empty_min_pem3.oem3 (.const:xdc_runtime_Startup_sfxnRts__A)
                  000068aa    00000010     scif.obj (.const:.string:pAuxIoIndexToMcuIocfgOffsetLut)
                  000068ba    00000002     empty_min_pem3.oem3 (.const:ti_sysbios_family_arm_m3_Hwi_Module__id__C)
                  000068bc    00000010     CC2650DK_7ID.obj (.const:PowerCC26XX_config)
                  000068cc    00000010     scif.obj (.const:pScifTaskDataStructInfoLut)
                  000068dc    0000000c     empty_min_pem3.oem3 (.const:xdc_runtime_Startup_firstFxns__A)
                  000068e8    00000008     CC2650DK_7ID.obj (.const:PINCC26XX_hwAttrs)
                  000068f0    00000008     empty_min_pem3.oem3 (.const:ti_sysbios_knl_Idle_funcList__C)
                  000068f8    00000008     empty_min_pem3.oem3 (.const:xdc_runtime_Startup_firstFxns__C)
                  00006900    00000008     empty_min_pem3.oem3 (.const:xdc_runtime_Startup_lastFxns__C)
                  00006908    00000004     empty_min_pem3.oem3 (.const)
                  0000690c    00000004     empty_min_pem3.oem3 (.const:ti_sysbios_family_arm_cc26xx_Timer_startupNeeded__C)
                  00006910    00000004     empty_min_pem3.oem3 (.const:ti_sysbios_family_arm_m3_Hwi_E_alreadyDefined__C)
                  00006914    00000004     empty_min_pem3.oem3 (.const:ti_sysbios_family_arm_m3_Hwi_NUM_INTERRUPTS__C)
                  00006918    00000004     empty_min_pem3.oem3 (.const:ti_sysbios_family_arm_m3_Hwi_Object__count__C)
                  0000691c    00000004     empty_min_pem3.oem3 (.const:ti_sysbios_family_arm_m3_Hwi_ccr__C)
                  00006920    00000004     empty_min_pem3.oem3 (.const:ti_sysbios_family_arm_m3_Hwi_excHandlerFunc__C)
                  00006924    00000004     empty_min_pem3.oem3 (.const:ti_sysbios_family_arm_m3_Hwi_nullIsrFunc__C)
                  00006928    00000004     empty_min_pem3.oem3 (.const:ti_sysbios_family_arm_m3_Hwi_priGroup__C)
                  0000692c    00000004     empty_min_pem3.oem3 (.const:ti_sysbios_family_arm_m3_TaskSupport_stackAlignment__C)
                  00006930    00000004     empty_min_pem3.oem3 (.const:ti_sysbios_family_arm_m3_Timer_E_cannotSupport__C)
                  00006934    00000004     empty_min_pem3.oem3 (.const:ti_sysbios_family_arm_m3_Timer_startupNeeded__C)
                  00006938    00000004     empty_min_pem3.oem3 (.const:ti_sysbios_gates_GateMutex_Instance_State_sem__O)
                  0000693c    00000004     empty_min_pem3.oem3 (.const:ti_sysbios_heaps_HeapMem_E_memory__C)
                  00006940    00000004     empty_min_pem3.oem3 (.const:ti_sysbios_heaps_HeapMem_Module__gateObj__C)
                  00006944    00000004     empty_min_pem3.oem3 (.const:ti_sysbios_heaps_HeapMem_Object__count__C)
                  00006948    00000004     empty_min_pem3.oem3 (.const:ti_sysbios_heaps_HeapMem_reqAlign__C)
                  0000694c    00000004     empty_min_pem3.oem3 (.const:ti_sysbios_knl_Clock_Module_State_clockQ__O)
                  00006950    00000004     empty_min_pem3.oem3 (.const:ti_sysbios_knl_Clock_tickPeriod__C)
                  00006954    00000004     empty_min_pem3.oem3 (.const:ti_sysbios_knl_Clock_triggerClock__C)
                  00006958    00000004     empty_min_pem3.oem3 (.const:ti_sysbios_knl_Idle_funcList__A)
                  0000695c    00000004     empty_min_pem3.oem3 (.const:ti_sysbios_knl_Semaphore_Instance_State_pendQ__O)
                  00006960    00000004     empty_min_pem3.oem3 (.const:ti_sysbios_knl_Swi_Object__count__C)
                  00006964    00000004     empty_min_pem3.oem3 (.const:ti_sysbios_knl_Task_Module_State_inactiveQ__O)
                  00006968    00000004     empty_min_pem3.oem3 (.const:ti_sysbios_knl_Task_Object__count__C)
                  0000696c    00000004     empty_min_pem3.oem3 (.const:ti_sysbios_knl_Task_allBlockedFunc__C)
                  00006970    00000004     empty_min_pem3.oem3 (.const:ti_sysbios_knl_Task_defaultStackHeap__C)
                  00006974    00000004     empty_min_pem3.oem3 (.const:ti_sysbios_knl_Task_defaultStackSize__C)
                  00006978    00000004     empty_min_pem3.oem3 (.const:ti_sysbios_knl_Task_numConstructedTasks__C)
                  0000697c    00000004     empty_min_pem3.oem3 (.const:xdc_runtime_Error_E_memory__C)
                  00006980    00000004     empty_min_pem3.oem3 (.const:xdc_runtime_Error_policyFxn__C)
                  00006984    00000004     empty_min_pem3.oem3 (.const:xdc_runtime_IGateProvider_Interface__BASE__C)
                  00006988    00000004     empty_min_pem3.oem3 (.const:xdc_runtime_IHeap_Interface__BASE__C)
                  0000698c    00000004     empty_min_pem3.oem3 (.const:xdc_runtime_IModule_Interface__BASE__C)
                  00006990    00000004     empty_min_pem3.oem3 (.const:xdc_runtime_Memory_defaultHeapInstance__C)
                  00006994    00000004     empty_min_pem3.oem3 (.const:xdc_runtime_Startup_execImpl__C)
                  00006998    00000004     empty_min_pem3.oem3 (.const:xdc_runtime_Startup_maxPasses__C)
                  0000699c    00000004     empty_min_pem3.oem3 (.const:xdc_runtime_Startup_sfxnRts__C)
                  000069a0    00000004     empty_min_pem3.oem3 (.const:xdc_runtime_Startup_sfxnTab__C)
                  000069a4    00000004     empty_min_pem3.oem3 (.const:xdc_runtime_SysCallback_abortFxn__C)
                  000069a8    00000004     empty_min_pem3.oem3 (.const:xdc_runtime_SysCallback_exitFxn__C)
                  000069ac    00000004     empty_min_pem3.oem3 (.const:xdc_runtime_System_Module__gateObj__C)
                  000069b0    00000004     empty_min_pem3.oem3 (.const:xdc_runtime_System_abortFxn__C)
                  000069b4    00000004     empty_min_pem3.oem3 (.const:xdc_runtime_System_exitFxn__C)
                  000069b8    00000004     empty_min_pem3.oem3 (.const:xdc_runtime_System_maxAtexitHandlers__C)
                  000069bc    00000004     empty_min_pem3.oem3 (.const:xdc_runtime_Text_charTab__C)
                  000069c0    00000004     empty_min_pem3.oem3 (.const:xdc_runtime_Text_nameEmpty__C)
                  000069c4    00000004     empty_min_pem3.oem3 (.const:xdc_runtime_Text_nameStatic__C)
                  000069c8    00000004     empty_min_pem3.oem3 (.const:xdc_runtime_Text_nameUnknown__C)
                  000069cc    00000002     empty_min_pem3.oem3 (.const:ti_sysbios_family_arm_m3_Timer_Module__id__C)
                  000069ce    00000002     empty_min_pem3.oem3 (.const:ti_sysbios_heaps_HeapMem_Module__id__C)
                  000069d0    00000002     empty_min_pem3.oem3 (.const:xdc_runtime_Memory_Module__id__C)
                  000069d2    00000002     empty_min_pem3.oem3 (.const:xdc_runtime_Text_charCnt__C)
                  000069d4    00000002     empty_min_pem3.oem3 (.const:xdc_runtime_Text_isLoaded__C)
                  000069d6    00000001     empty_min_pem3.oem3 (.const:xdc_runtime_Error_policy__C)
                  000069d7    00000001     empty_min_pem3.oem3 (.const:xdc_runtime_Text_charTab__A)

.cinit     0    000069d8    000002cc     
                  000069d8    0000028c     (.cinit..data.load) [load image, compression = rle]
                  00006c64    00000004     --HOLE-- [fill = 0]
                  00006c68    0000000b     (.cinit..bss.load) [load image, compression = rle]
                  00006c73    00000005     --HOLE-- [fill = 0]
                  00006c78    00000009     (.cinit..vecs.load) [load image, compression = rle]
                  00006c81    00000003     --HOLE-- [fill = 0]
                  00006c84    00000008     (__TI_handler_table)
                  00006c8c    00000018     (__TI_cinit_table)

.init_array 
*          0    00000000    00000000     UNINITIALIZED

.ccfg      0    0001ffa8    00000058     
                  0001ffa8    00000058     ccfg.obj (.ccfg:retain)

.resetVecs 
*          0    00000000    0000003c     
                  00000000    0000003c     empty_min_pem3.oem3 (.resetVecs)

.vecs      0    20000000    000000c8     UNINITIALIZED
                  20000000    000000c8     empty_min_pem3.oem3 (.vecs)

.bss       0    200000c8    000012b3     UNINITIALIZED
                  200000c8    00000400     (.common:readTaskStack)
                  200004c8    00000400     (.common:sendTaskStack)
                  200008c8    00000400     (.common:ti_sysbios_heaps_HeapMem_Instance_State_0_buf__A)
                  20000cc8    00000200     empty_min_pem3.oem3 (.bss:taskStackSection)
                  20000ec8    00000114     (.common:uartCC26XXObjects)
                  20000fdc    000000c8     (.common:ti_sysbios_family_arm_m3_Hwi_dispatchTable)
                  200010a4    0000007c     drivers_cc26xxware.aem3 : PINCC26XX.oem3 (.bss:PIN_HandleTable)
                  20001120    00000050     (.common:readTask)
                  20001170    00000050     (.common:sendTask)
                  200011c0    00000034                             : PINCC26XX.oem3 (.bss:PinSwi)
                  200011f4    00000024     scif_framework.obj (.bss:scifData)
                  20001218    00000020     (.common:PinGpioConfigTable)
                  20001238    0000001c     scif_framework.obj (.bss:hwiCtrlReady)
                  20001254    0000001c     scif_framework.obj (.bss:hwiTaskAlert)
                  20001270    0000001c     main.obj (.bss:semAssct)
                  2000128c    0000001c     scif_framework.obj (.bss:semCtrlReady)
                  200012a8    0000001c     main.obj (.bss:semScTaskAlert)
                  200012c4    0000001c     (.common:PinHwi)
                  200012e0    0000001c     (.common:PinSem)
                  200012fc    00000018     (.common:scOutputData)
                  20001314    00000014     driverlib.lib : osc.obj (.bss:oscHfGlobals)
                  20001328    00000010     main.obj (.bss)
                  20001338    0000000c     main.obj (.bss:interruptAssctState)
                  20001344    0000000c     main.obj (.bss:interruptSleepState)
                  20001350    0000000c     main.obj (.bss:ledPinState)
                  2000135c    0000000c     main.obj (.bss:xbeePinState)
                  20001368    00000008     driverlib.lib : sys_ctrl.obj (.bss:powerQualGlobals)
                  20001370    00000004     (.common:PIN_NumPins)
                  20001374    00000004     (.common:pPinGpio)
                  20001378    00000001     (.common:driverlib_release_0_46593)
                  20001379    00000001     (.common:uartRxPowerConstraint)
                  2000137a    00000001     (.common:uartTxPowerConstraint)

.data      0    20001380    000004a6     UNINITIALIZED
                  20001380    00000110     drivers_cc26xxware.aem3 : PowerCC26XX.oem3 (.data:PowerCC26XX_module)
                  20001490    0000004c     empty_min_pem3.oem3 (.data:ti_sysbios_knl_Task_Object__table__V)
                  200014dc    00000004     drivers_cc26xxware.aem3 : UART.oem3 (.data)
                  200014e0    00000048     empty_min_pem3.oem3 (.data:ti_sysbios_family_arm_cc26xx_Timer_Object__table__V)
                  20001528    00000044     empty_min_pem3.oem3 (.data:ti_sysbios_knl_Task_Module__state__V)
                  2000156c    00000038     empty_min_pem3.oem3 (.data:ti_sysbios_gates_GateMutex_Object__table__V)
                  200015a4    00000034     empty_min_pem3.oem3 (.data:ti_sysbios_family_arm_m3_Hwi_Module__state__V)
                  200015d8    00000030     empty_min_pem3.oem3 (.data:ti_sysbios_family_arm_m3_Hwi_Object__table__V)
                  20001608    00000030     empty_min_pem3.oem3 (.data:ti_sysbios_family_arm_m3_Timer_Object__table__V)
                  20001638    00000030     empty_min_pem3.oem3 (.data:ti_sysbios_knl_Swi_Module_State_0_readyQ__A)
                  20001668    00000030     empty_min_pem3.oem3 (.data:ti_sysbios_knl_Swi_Object__table__V)
                  20001698    0000002c     empty_min_pem3.oem3 (.data:ti_sysbios_knl_Clock_Module__state__V)
                  200016c4    00000024     empty_min_pem3.oem3 (.data:ti_sysbios_BIOS_Module__state__V)
                  200016e8    00000020     empty_min_pem3.oem3 (.data:ti_sysbios_knl_Clock_Object__table__V)
                  20001708    00000020     empty_min_pem3.oem3 (.data:ti_sysbios_knl_Task_Module_State_0_readyQ__A)
                  20001728    0000001c     empty_min_pem3.oem3 (.data:ti_sysbios_knl_Swi_Module__state__V)
                  20001744    00000018     empty_min_pem3.oem3 (.data:ti_sysbios_heaps_HeapMem_Object__table__V)
                  2000175c    00000010     main.obj (.data:xbeePinTable)
                  2000176c    0000000c     scif_framework.obj (.data)
                  20001778    0000000c     empty_min_pem3.oem3 (.data:ti_sysbios_family_arm_m3_Timer_Module__state__V)
                  20001784    00000008     rtsv7M3_T_le_eabi.lib : _lock.obj (.data:$O1$$)
                  2000178c    00000008     main.obj (.data:interruptAssctTable)
                  20001794    00000008     main.obj (.data:interruptSleepTable)
                  2000179c    00000008     main.obj (.data:ledPinTable)
                  200017a4    00000008     main.obj (.data)
                  200017ac    00000008     empty_min_pem3.oem3 (.data:ti_sysbios_family_arm_cc26xx_Timer_Module__state__V)
                  200017b4    00000008     empty_min_pem3.oem3 (.data:ti_sysbios_family_arm_m3_Hwi_Module__root__V)
                  200017bc    00000008     empty_min_pem3.oem3 (.data:ti_sysbios_gates_GateHwi_Module__root__V)
                  200017c4    00000008     empty_min_pem3.oem3 (.data:ti_sysbios_gates_GateMutex_Module__root__V)
                  200017cc    00000008     empty_min_pem3.oem3 (.data:ti_sysbios_heaps_HeapMem_Module__root__V)
                  200017d4    00000008     empty_min_pem3.oem3 (.data:ti_sysbios_knl_Clock_Module__root__V)
                  200017dc    00000008     empty_min_pem3.oem3 (.data:ti_sysbios_knl_Queue_Module__root__V)
                  200017e4    00000008     empty_min_pem3.oem3 (.data:ti_sysbios_knl_Semaphore_Module__root__V)
                  200017ec    00000008     empty_min_pem3.oem3 (.data:ti_sysbios_knl_Swi_Module__root__V)
                  200017f4    00000008     empty_min_pem3.oem3 (.data:ti_sysbios_knl_Task_Module__root__V)
                  200017fc    00000008     empty_min_pem3.oem3 (.data:xdc_runtime_Startup_Module__state__V)
                  20001804    00000008     empty_min_pem3.oem3 (.data:xdc_runtime_System_Module__state__V)
                  2000180c    00000004     rtsv7M3_T_le_eabi.lib : stkdepth_vars.obj (.data)
                  20001810    00000004     empty_min_pem3.oem3 (.data:ti_sysbios_family_arm_m3_Hwi_Module_State_0_excContext__A)
                  20001814    00000004     empty_min_pem3.oem3 (.data:ti_sysbios_family_arm_m3_Hwi_Module_State_0_excStack__A)
                  20001818    00000004     empty_min_pem3.oem3 (.data:ti_sysbios_gates_GateHwi_Object__table__V)
                  2000181c    00000004     empty_min_pem3.oem3 (.data:ti_sysbios_knl_Task_Module_State_0_idleTask__A)
                  20001820    00000004     empty_min_pem3.oem3 (.data:xdc_runtime_Memory_Module__state__V)
                  20001824    00000002     empty_min_pem3.oem3 (.data:ti_sysbios_family_arm_m3_Hwi_Module_State_0_excActive__A)

.stack     0    20004d00    00000300     UNINITIALIZED
                  20004d00    00000300     --HOLE--

.bootVecs 
*          0    00000000    00000008     DSECT
                  00000000    00000008     boot.aem3 : boot.oem3 (.bootVecs)

xdc.meta   0    00000000    0000010c     COPY SECTION
                  00000000    0000010c     empty_min_pem3.oem3 (xdc.meta)

xdc.noload 
*          0    00000000    00000000     COPY SECTION

.binit     0    00000000    00000000     

MODULE SUMMARY

       Module                            code    ro data   rw data
       ------                            ----    -------   -------
    .\
       main.obj                          1310    0         2400   
       scif.obj                          296     1364      0      
       scif_framework.obj                1362    0         132    
       CC2650DK_7ID.obj                  0       108       276    
       ccfg.obj                          0       88        0      
    +--+---------------------------------+-------+---------+---------+
       Total:                            2968    1560      2808   
                                                                  
    C:\Users\Kuba\workspace_v6_1_3\Wireless_Sensor_Platform_RTOS_2_20_End_Device\Debug\configPkg\package\cfg\
       empty_min_pem3.oem3               1454    1160      2778   
    +--+---------------------------------+-------+---------+---------+
       Total:                            1454    1160      2778   
                                                                  
    C:/ti/tirtos_cc13xx_cc26xx_2_20_00_06/products/cc26xxware_2_24_02_17202/driverlib/bin/ccs/driverlib.lib
       setup.obj                         1682    0         0      
       sys_ctrl.obj                      712     0         8      
       osc.obj                           332     0         20     
       chipinfo.obj                      228     0         0      
       ddi.obj                           180     0         0      
       aon_rtc.obj                       44      0         0      
       adi.obj                           40      0         0      
       aon_batmon.obj                    40      0         0      
       cpu.obj                           24      0         0      
       aux_adc.obj                       20      0         0      
       vims.obj                          14      0         0      
       driverlib_release.obj             0       0         1      
    +--+---------------------------------+-------+---------+---------+
       Total:                            3316    0         29     
                                                                  
    C:/ti/tirtos_cc13xx_cc26xx_2_20_00_06/products/tidrivers_cc13xx_cc26xx_2_20_00_08/packages/ti/drivers/lib/drivers_cc26xxware.aem3
       UARTCC26XX.oem3                   2472    104       2      
       PowerCC26XX.oem3                  2064    76        272    
       PINCC26XX.oem3                    1366    0         272    
       PowerCC26XX_calibrateRCOSC.oem3   1400    0         0      
       UART.oem3                         148     36        4      
       List.oem3                         82      0         0      
    +--+---------------------------------+-------+---------+---------+
       Total:                            7532    216       550    
                                                                  
    C:/ti/tirtos_cc13xx_cc26xx_2_20_00_06/products/tidrivers_cc13xx_cc26xx_2_20_00_08/packages/ti/drivers/lib/power_cc26xx_tirtos.aem3
       PowerCC26XX_tirtos.oem3           188     0         0      
    +--+---------------------------------+-------+---------+---------+
       Total:                            188     0         0      
                                                                  
    C:/ti/tirtos_cc13xx_cc26xx_2_20_00_06/products/tidrivers_cc13xx_cc26xx_2_20_00_08/packages/ti/drivers/ports/lib/tirtosport.aem3
       HwiP_tirtos.oem3                  4       0         0      
    +--+---------------------------------+-------+---------+---------+
       Total:                            4       0         0      
                                                                  
    C:\Users\Kuba\workspace_v6_1_3\Wireless_Sensor_Platform_RTOS_2_20_End_Device\src\sysbios\sysbios.aem3
       BIOS.obj                          7040    0         0      
       m3_Hwi_asm.obj                    258     0         0      
       m3_TaskSupport_asm.obj            108     0         0      
       m3_Hwi_asm_switch.obj             102     0         0      
    +--+---------------------------------+-------+---------+---------+
       Total:                            7508    0         0      
                                                                  
    C:\ti\ccsv6\tools\compiler\arm_15.12.3.LTS\lib\rtsv7M3_T_le_eabi.lib
       ull_div_t2.obj                    500     0         0      
       memcpy_t2.obj                     156     0         0      
       memset_t2.obj                     122     0         0      
       copy_decompress_rle.obj           112     0         0      
       cpy_tbl.obj                       76      0         0      
       _lock.obj                         20      0         8      
       args_main.obj                     24      0         0      
       ll_mul_t2.obj                     24      0         0      
       copy_decompress_none.obj          14      0         0      
       stkdepth_vars.obj                 0       0         4      
    +--+---------------------------------+-------+---------+---------+
       Total:                            1048    0         12     
                                                                  
    C:\ti\tirtos_cc13xx_cc26xx_2_20_00_06\products\bios_6_46_00_23\packages\ti\targets\arm\rtsarm\lib\auto_init.aem3
       auto_init.oem3                    160     0         0      
    +--+---------------------------------+-------+---------+---------+
       Total:                            160     0         0      
                                                                  
    C:\ti\tirtos_cc13xx_cc26xx_2_20_00_06\products\bios_6_46_00_23\packages\ti\targets\arm\rtsarm\lib\boot.aem3
       boot.oem3                         68      0         0      
    +--+---------------------------------+-------+---------+---------+
       Total:                            68      0         0      
                                                                  
       Stack:                            0       0         768    
       Linker Generated:                 0       704       0      
    +--+---------------------------------+-------+---------+---------+
       Grand Total:                      24246   3640      6945   


LINKER GENERATED COPY TABLES

__TI_cinit_table @ 00006c8c records: 3, size/record: 8, table size: 24
	.data: load addr=000069d8, load size=0000028c bytes, run addr=20001380, run size=000004a6 bytes, compression=rle
	.bss: load addr=00006c68, load size=0000000b bytes, run addr=200000c8, run size=000012b3 bytes, compression=rle
	.vecs: load addr=00006c78, load size=00000009 bytes, run addr=20000000, run size=000000c8 bytes, compression=rle


LINKER GENERATED HANDLER TABLE

__TI_handler_table @ 00006c84 records: 2, size/record: 4, table size: 8
	index: 0, handler: __TI_decompress_rle24
	index: 1, handler: __TI_decompress_none


GLOBAL SYMBOLS: SORTED ALPHABETICALLY BY Name 

address   name                                                        
-------   ----                                                        
000065bc  BoardGpioInitTable                                          
00005e79  HwiP_disable                                                
00005e4f  HwiP_restore                                                
00005d99  List_empty                                                  
00005e7d  List_head                                                   
00005e81  List_next                                                   
00004fb9  List_put                                                    
00005605  List_remove                                                 
00004ec9  NOROM_AONBatMonTemperatureGetDegC                           
00005975  NOROM_AONRTCCurrent64BitValueGet                            
00005639  NOROM_AONRTCCurrentCompareValueGet                          
00005989  NOROM_AUXADCValueToMicrovolts                               
00005c61  NOROM_CPUcpsid                                              
00005c6d  NOROM_CPUcpsie                                              
00003e79  NOROM_ChipInfo_GetChipFamily                                
00002f21  NOROM_ChipInfo_GetHwRevision                                
00005651  NOROM_ChipInfo_GetPackageType                               
000043b1  NOROM_DDI16BitfieldRead                                     
00003ec1  NOROM_DDI16BitfieldWrite                                    
00004ce5  NOROM_DDI32RegWrite                                         
000053f1  NOROM_OSCClockSourceGet                                     
00003cb1  NOROM_OSCClockSourceSet                                     
00003541  NOROM_OSCHF_AttemptToSwitchToXosc                           
000046dd  NOROM_OSCHF_SwitchToRcOscTurnOffXosc                        
00005669  NOROM_OSCHF_TurnOnXosc                                      
00004431  NOROM_OSC_HPOSCRelativeFrequencyOffsetGet                   
00002b6d  NOROM_SetupAfterColdResetWakeupFromShutDownCfg1             
00001645  NOROM_SetupAfterColdResetWakeupFromShutDownCfg2             
00001019  NOROM_SetupAfterColdResetWakeupFromShutDownCfg3             
00005681  NOROM_SetupGetTrimForAdcShModeEn                            
00005699  NOROM_SetupGetTrimForAdcShVbufEn                            
00003001  NOROM_SetupGetTrimForAmpcompCtrl                            
000056b1  NOROM_SetupGetTrimForAmpcompTh1                             
0000540d  NOROM_SetupGetTrimForAmpcompTh2                             
000031b1  NOROM_SetupGetTrimForAnabypassValue1                        
000056c9  NOROM_SetupGetTrimForDblrLoopFilterResetVoltage             
00004d11  NOROM_SetupGetTrimForRadcExtCfg                             
000056e1  NOROM_SetupGetTrimForRcOscLfIBiasTrim                       
00005429  NOROM_SetupGetTrimForRcOscLfRtuneCtuneTrim                  
000051b5  NOROM_SetupGetTrimForXoscHfCtl                              
00005ac1  NOROM_SetupGetTrimForXoscHfFastStart                        
00005ad1  NOROM_SetupGetTrimForXoscHfIbiastherm                       
000056f9  NOROM_SetupGetTrimForXoscLfRegulatorAndCmirrwrRatio         
000049b5  NOROM_SetupSetAonRtcSubSecInc                               
00003b71  NOROM_SetupSetCacheModeAccordingToCcfgSetting               
00005bf1  NOROM_SetupSignExtendVddrTrimValue                          
0000215d  NOROM_SetupTrimDevice                                       
0000359d  NOROM_SysCtrlAdjustRechargeAfterPowerDown                   
00000265  NOROM_SysCtrlSetRechargeBeforePowerDown                     
00003219  NOROM_SysCtrl_DCDC_VoltageConditionalControl                
0000599d  NOROM_ThisCodeIsBuiltForCC26xxHwRev22AndLater_HaltIfViolated
00005bff  NOROM_VIMSModeGet                                           
00004fe1  PINCC26XX_getPinCount                                       
000068e8  PINCC26XX_hwAttrs                                           
00004d3d  PINCC26XX_setMux                                            
200010a4  PIN_HandleTable                                             
20001370  PIN_NumPins                                                 
00005395  PIN_close                                                   
000009f5  PIN_init                                                    
000023d5  PIN_open                                                    
00005c79  PIN_registerIntCb                                           
000035f9  PIN_remove                                                  
00004711  PIN_setConfig                                               
000044e5  PIN_setInterrupt                                            
00003f09  PIN_setOutputEnable                                         
0000446d  PIN_setOutputValue                                          
00003481  PowerCC26XX_RCOSC_clockFunc                                 
00002dc5  PowerCC26XX_auxISR                                          
0000306d  PowerCC26XX_calibrate                                       
000068bc  PowerCC26XX_config                                          
00000d49  PowerCC26XX_doCalibrate                                     
0000370d  PowerCC26XX_initiateCalibration                             
20001380  PowerCC26XX_module                                          
00001f2d  PowerCC26XX_standbyPolicy                                   
00005c85  Power_getConstraintMask                                     
00005c91  Power_getDependencyCount                                    
000053b3  Power_getTransitionLatency                                  
00005711  Power_idleFunc                                              
00001149  Power_init                                                  
00004ef1  Power_registerNotify                                        
000049e5  Power_releaseConstraint                                     
00001809  Power_releaseDependency                                     
00004a15  Power_setConstraint                                         
000018dd  Power_setDependency                                         
0000003d  Power_sleep                                                 
000051d5  Power_unregisterNotify                                      
000041d5  ResetISR                                                    
UNDEFED   SHT$$INIT_ARRAY$$Base                                       
UNDEFED   SHT$$INIT_ARRAY$$Limit                                      
00004f19  SafeHapiVoid                                                
00006908  Timer0                                                      
00002be5  UARTCC26XX_close                                            
00003765  UARTCC26XX_control                                          
00006544  UARTCC26XX_fxnTable                                         
00001559  UARTCC26XX_hwiIntFxn                                        
00005729  UARTCC26XX_init                                             
00000bb9  UARTCC26XX_open                                             
00001fe9  UARTCC26XX_read                                             
00002f91  UARTCC26XX_readCancel                                       
00005e37  UARTCC26XX_readPolling                                      
00003cfd  UARTCC26XX_swiIntFxn                                        
00001365  UARTCC26XX_write                                            
000027d5  UARTCC26XX_writeCancel                                      
00005e3d  UARTCC26XX_writePolling                                     
00005741  UART_Params_init                                            
[...]
00005aaf  xdc_runtime_Startup_exec__I                                 
00005ac1  NOROM_SetupGetTrimForXoscHfFastStart                        
00005ad1  NOROM_SetupGetTrimForXoscHfIbiastherm                       
00005ae1  ti_sysbios_BIOS_exit__E                                     
00005af1  ti_sysbios_BIOS_getCpuFreq__E                               
00005b01  ti_sysbios_BIOS_setThreadType__E                            
00005b11  ti_sysbios_BIOS_start__E                                    
00005b21  ti_sysbios_family_arm_m3_TaskSupport_glue                   
00005b31  ti_sysbios_family_arm_m3_TaskSupport_swap__E                
00005b31  ti_sysbios_knl_Task_SupportProxy_swap__E                    
00005b39  ti_sysbios_knl_Task_swapReturn                              
00005b41  ti_sysbios_gates_GateMutex_Instance_finalize__E             
00005b51  ti_sysbios_knl_Semaphore_Instance_finalize__E               
00005b61  ti_sysbios_knl_Swi_disable__E                               
00005b71  ti_sysbios_knl_Swi_enabled__E                               
00005b81  ti_sysbios_knl_Task_Object__get__S                          
00005b91  ti_sysbios_knl_Task_disable__E                              
00005bb1  xdc_runtime_Gate_leaveSystem__E                             
00005bc1  xdc_runtime_Memory_free__E                                  
00005bd1  xdc_runtime_SysCallback_abort__E                            
00005bd1  xdc_runtime_System_SupportProxy_abort__E                    
00005be1  xdc_runtime_SysCallback_exit__E                             
00005be1  xdc_runtime_System_SupportProxy_exit__E                     
00005bf1  NOROM_SetupSignExtendVddrTrimValue                          
00005bff  NOROM_VIMSModeGet                                           
00005c0d  __TI_decompress_none                                        
00005c37  ti_sysbios_heaps_HeapMem_restore__E                         
00005c45  ti_sysbios_knl_Queue_empty__E                               
00005c53  ti_sysbios_knl_Queue_remove__E                              
00005c61  NOROM_CPUcpsid                                              
00005c6d  NOROM_CPUcpsie                                              
00005c79  PIN_registerIntCb                                           
00005c85  Power_getConstraintMask                                     
00005c91  Power_getDependencyCount                                    
00005ca9  scifOsalLeaveCriticalSection                                
00005cb5  ti_sysbios_family_arm_m3_Hwi_Params__init__S                
00005cb5  ti_sysbios_hal_Hwi_HwiProxy_Params__init__S                 
00005cc1  ti_sysbios_family_arm_m3_Hwi_disableFxn__E                  
00005cc1  ti_sysbios_hal_Hwi_HwiProxy_disable__E                      
00005ccd  ti_sysbios_family_arm_m3_TaskSupport_getStackAlignment__E   
00005ccd  ti_sysbios_knl_Task_SupportProxy_getStackAlignment__E       
00005cd9  ti_sysbios_gates_GateHwi_enter__E                           
00005ce5  ti_sysbios_knl_Clock_Params__init__S                        
00005cf1  ti_sysbios_knl_Queue_Object__get__S                         
00005cfd  ti_sysbios_knl_Queue_dequeue__E                             
00005d09  ti_sysbios_knl_Queue_enqueue__E                             
00005d15  ti_sysbios_knl_Semaphore_Params__init__S                    
00005d39  ti_sysbios_knl_Swi_Params__init__S                          
00005d45  ti_sysbios_knl_Swi_getTrigger__E                            
00005d51  ti_sysbios_knl_Task_Params__init__S                         
00005d5d  ti_sysbios_knl_Task_self__E                                 
00005d69  xdc_runtime_Gate_enterSystem__E                             
00005d75  xdc_runtime_Memory_calloc__E                                
00005d81  xdc_runtime_Memory_getMaxDefaultTypeAlign__E                
00005d8d  xdc_runtime_Startup_rtsDone__E                              
00005d99  List_empty                                                  
00005da3  UART_close                                                  
00005dad  UART_write                                                  
00005df3  xdc_runtime_Memory_HeapProxy_alloc__E                       
00005dfd  xdc_runtime_Memory_HeapProxy_free__E                        
00005e0f  scifOsalEnterCriticalSection                                
00005e17  ti_sysbios_family_arm_m3_Hwi_doSwiRestore__I                
00005e1f  ti_sysbios_family_arm_m3_Hwi_startup__E                     
00005e1f  ti_sysbios_hal_Hwi_HwiProxy_startup__E                      
00005e27  ti_sysbios_knl_Idle_loop__E                                 
00005e37  UARTCC26XX_readPolling                                      
00005e3d  UARTCC26XX_writePolling                                     
00005e43  __TI_decompress_rle24                                       
00005e49  ti_sysbios_family_arm_m3_Hwi_doTaskRestore__I               
00005e4f  HwiP_restore                                                
00005e4f  ti_sysbios_family_arm_m3_Hwi_restoreFxn__E                  
00005e4f  ti_sysbios_hal_Hwi_HwiProxy_restore__E                      
00005e55  ti_sysbios_gates_GateHwi_leave__E                           
00005e5b  ti_sysbios_heaps_HeapMem_isBlocking__E                      
00005e61  ti_sysbios_knl_Queue_Instance_init__E                       
00005e67  ti_sysbios_knl_Queue_elemClear__E                           
00005e6d  ti_sysbios_knl_Swi_startup__E                               
00005e73  xdc_runtime_System_Module_startup__E                        
00005e79  HwiP_disable                                                
00005e7d  List_head                                                   
00005e81  List_next                                                   
00005e89  ti_sysbios_BIOS_RtsGateProxy_enter__E                       
00005e8d  ti_sysbios_BIOS_RtsGateProxy_leave__E                       
00005e91  ti_sysbios_family_arm_cc26xx_Timer_getCount64__E            
00005e95  ti_sysbios_family_arm_cc26xx_Timer_setPeriod__E             
00005e99  ti_sysbios_family_arm_m3_Hwi_destruct                       
00005e9d  ti_sysbios_family_arm_m3_TaskSupport_Module__startupDone__S 
00005e9d  ti_sysbios_knl_Task_SupportProxy_Module__startupDone__S     
00005ea1  ti_sysbios_gates_GateHwi_query__E                           
00005ea1  xdc_runtime_Main_Module_GateProxy_query__E                  
00005ea1  xdc_runtime_System_Module_GateProxy_query__E                
00005ea5  ti_sysbios_BIOS_RtsGateProxy_query__E                       
00005ea5  ti_sysbios_gates_GateMutex_query__E                         
00005ea5  ti_sysbios_heaps_HeapMem_Module_GateProxy_query__E          
00005ea9  ti_sysbios_heaps_HeapMem_Module_GateProxy_enter__E          
00005ead  ti_sysbios_heaps_HeapMem_Module_GateProxy_leave__E          
00005eb1  ti_sysbios_knl_Clock_TimerProxy_getCurrentTick__E           
00005eb5  ti_sysbios_knl_Clock_TimerProxy_getMaxTicks__E              
00005eb9  ti_sysbios_knl_Clock_TimerProxy_setNextTick__E              
00005ebd  ti_sysbios_knl_Clock_destruct                               
00005ec1  ti_sysbios_knl_Clock_removeI__E                             
00005ec5  ti_sysbios_knl_Clock_setTimeout__E                          
00005ec9  ti_sysbios_knl_Queue_destruct                               
00005ecd  ti_sysbios_knl_Queue_head__E                                
00005ed1  ti_sysbios_knl_Queue_next__E                                
00005ed5  ti_sysbios_knl_Semaphore_destruct                           
00005ed9  ti_sysbios_knl_Swi_destruct                                 
00005edd  ti_sysbios_knl_Swi_postInit__I                              
00005ee1  ti_sysbios_knl_Task_startup__E                              
00005ee5  xdc_runtime_System_Module_GateProxy_enter__E                
00005ee9  xdc_runtime_System_Module_GateProxy_leave__E                
00005eed  xdc_runtime_SysCallback_defaultExit                         
00005eef  xdc_runtime_System_abortSpin__E                             
00005ef1  xdc_runtime_System_exitSpin__E                              
00006404  resourceDB                                                  
000064d8  ti_sysbios_knl_Task_Object__PARAMS__C                       
00006514  ti_sysbios_family_arm_m3_Hwi_Object__PARAMS__C              
00006544  UARTCC26XX_fxnTable                                         
0000656c  ti_sysbios_heaps_HeapMem_Module__FXNS__C                    
00006594  ti_sysbios_knl_Swi_Object__PARAMS__C                        
000065bc  BoardGpioInitTable                                          
000065e0  UART_defaultParams                                          
00006604  scifDriverSetup                                             
00006628  ti_sysbios_gates_GateHwi_Module__FXNS__C                    
0000664c  ti_sysbios_gates_GateMutex_Module__FXNS__C                  
00006670  ti_sysbios_heaps_HeapMem_Object__PARAMS__C                  
00006694  ti_sysbios_knl_Clock_Object__PARAMS__C                      
000066b8  ti_sysbios_knl_Semaphore_Object__PARAMS__C                  
000066dc  xdc_runtime_Startup_sfxnTab__A                              
00006700  ti_sysbios_family_arm_m3_Hwi_Object__DESC__C                
00006720  ti_sysbios_gates_GateHwi_Object__DESC__C                    
00006740  ti_sysbios_gates_GateMutex_Object__DESC__C                  
00006760  ti_sysbios_heaps_HeapMem_Object__DESC__C                    
00006780  ti_sysbios_knl_Clock_Object__DESC__C                        
000067a0  ti_sysbios_knl_Queue_Object__DESC__C                        
000067c0  ti_sysbios_knl_Semaphore_Object__DESC__C                    
000067e0  ti_sysbios_knl_Swi_Object__DESC__C                          
00006800  ti_sysbios_knl_Task_Object__DESC__C                         
00006820  UART_config                                                 
00006838  ti_sysbios_gates_GateHwi_Object__PARAMS__C                  
00006850  ti_sysbios_gates_GateMutex_Object__PARAMS__C                
00006868  ti_sysbios_knl_Queue_Object__PARAMS__C                      
00006880  uartCC26XXHWAttrs                                           
00006898  xdc_runtime_Startup_sfxnRts__A                              
000068ba  ti_sysbios_family_arm_m3_Hwi_Module__id__C                  
000068bc  PowerCC26XX_config                                          
000068dc  xdc_runtime_Startup_firstFxns__A                            
000068e8  PINCC26XX_hwAttrs                                           
000068f0  ti_sysbios_knl_Idle_funcList__C                             
000068f8  xdc_runtime_Startup_firstFxns__C                            
00006900  xdc_runtime_Startup_lastFxns__C                             
00006908  Timer0                                                      
0000690c  ti_sysbios_family_arm_cc26xx_Timer_startupNeeded__C         
00006910  ti_sysbios_family_arm_m3_Hwi_E_alreadyDefined__C            
00006914  ti_sysbios_family_arm_m3_Hwi_NUM_INTERRUPTS__C              
00006918  ti_sysbios_family_arm_m3_Hwi_Object__count__C               
0000691c  ti_sysbios_family_arm_m3_Hwi_ccr__C                         
00006920  ti_sysbios_family_arm_m3_Hwi_excHandlerFunc__C              
00006924  ti_sysbios_family_arm_m3_Hwi_nullIsrFunc__C                 
00006928  ti_sysbios_family_arm_m3_Hwi_priGroup__C                    
0000692c  ti_sysbios_family_arm_m3_TaskSupport_stackAlignment__C      
00006930  ti_sysbios_family_arm_m3_Timer_E_cannotSupport__C           
00006934  ti_sysbios_family_arm_m3_Timer_startupNeeded__C             
00006938  ti_sysbios_gates_GateMutex_Instance_State_sem__O            
0000693c  ti_sysbios_heaps_HeapMem_E_memory__C                        
00006940  ti_sysbios_heaps_HeapMem_Module__gateObj__C                 
00006944  ti_sysbios_heaps_HeapMem_Object__count__C                   
00006948  ti_sysbios_heaps_HeapMem_reqAlign__C                        
0000694c  ti_sysbios_knl_Clock_Module_State_clockQ__O                 
00006950  ti_sysbios_knl_Clock_tickPeriod__C                          
00006954  ti_sysbios_knl_Clock_triggerClock__C                        
00006958  ti_sysbios_knl_Idle_funcList__A                             
0000695c  ti_sysbios_knl_Semaphore_Instance_State_pendQ__O            
00006960  ti_sysbios_knl_Swi_Object__count__C                         
00006964  ti_sysbios_knl_Task_Module_State_inactiveQ__O               
00006968  ti_sysbios_knl_Task_Object__count__C                        
0000696c  ti_sysbios_knl_Task_allBlockedFunc__C                       
00006970  ti_sysbios_knl_Task_defaultStackHeap__C                     
00006974  ti_sysbios_knl_Task_defaultStackSize__C                     
00006978  ti_sysbios_knl_Task_numConstructedTasks__C                  
0000697c  xdc_runtime_Error_E_memory__C                               
00006980  xdc_runtime_Error_policyFxn__C                              
00006984  xdc_runtime_IGateProvider_Interface__BASE__C                
00006988  xdc_runtime_IHeap_Interface__BASE__C                        
0000698c  xdc_runtime_IModule_Interface__BASE__C                      
00006990  xdc_runtime_Memory_defaultHeapInstance__C                   
00006994  xdc_runtime_Startup_execImpl__C                             
00006998  xdc_runtime_Startup_maxPasses__C                            
0000699c  xdc_runtime_Startup_sfxnRts__C                              
000069a0  xdc_runtime_Startup_sfxnTab__C                              
000069a4  xdc_runtime_SysCallback_abortFxn__C                         
000069a8  xdc_runtime_SysCallback_exitFxn__C                          
000069ac  xdc_runtime_System_Module__gateObj__C                       
000069b0  xdc_runtime_System_abortFxn__C                              
000069b4  xdc_runtime_System_exitFxn__C                               
000069b8  xdc_runtime_System_maxAtexitHandlers__C                     
000069bc  xdc_runtime_Text_charTab__C                                 
000069c0  xdc_runtime_Text_nameEmpty__C                               
000069c4  xdc_runtime_Text_nameStatic__C                              
000069c8  xdc_runtime_Text_nameUnknown__C                             
000069cc  ti_sysbios_family_arm_m3_Timer_Module__id__C                
000069ce  ti_sysbios_heaps_HeapMem_Module__id__C                      
000069d0  xdc_runtime_Memory_Module__id__C                            
000069d2  xdc_runtime_Text_charCnt__C                                 
000069d4  xdc_runtime_Text_isLoaded__C                                
000069d6  xdc_runtime_Error_policy__C                                 
000069d7  xdc_runtime_Text_charTab__A                                 
000069d8  __TI_static_base__                                          
00006c84  __TI_Handler_Table_Base                                     
00006c8c  __TI_CINIT_Base                                             
00006c8c  __TI_Handler_Table_Limit                                    
00006ca4  __TI_CINIT_Limit                                            
0001ffa8  __ccfg                                                      
20000000  ti_sysbios_family_arm_m3_Hwi_ramVectors                     
200000c8  readTaskStack                                               
200004c8  sendTaskStack                                               
200008c8  ti_sysbios_heaps_HeapMem_Instance_State_0_buf__A            
20000cc8  ti_sysbios_knl_Task_Instance_State_0_stack__A               
20000ec8  uartCC26XXObjects                                           
20000fdc  ti_sysbios_family_arm_m3_Hwi_dispatchTable                  
200010a4  PIN_HandleTable                                             
20001120  readTask                                                    
20001170  sendTask                                                    
200012fc  scOutputData                                                
20001370  PIN_NumPins                                                 
20001378  driverlib_release_0_46593                                   
20001380  PowerCC26XX_module                                          
20001490  ti_sysbios_knl_Task_Object__table__V                        
200014e0  ti_sysbios_family_arm_cc26xx_Timer_Object__table__V         
20001528  ti_sysbios_knl_Task_Module__state__V                        
2000156c  ti_sysbios_gates_GateMutex_Object__table__V                 
200015a4  ti_sysbios_family_arm_m3_Hwi_Module__state__V               
200015d8  ti_sysbios_family_arm_m3_Hwi_Object__table__V               
20001608  ti_sysbios_family_arm_m3_Timer_Object__table__V             
20001638  ti_sysbios_knl_Swi_Module_State_0_readyQ__A                 
20001668  ti_sysbios_knl_Swi_Object__table__V                         
20001698  ti_sysbios_knl_Clock_Module__state__V                       
200016c4  ti_sysbios_BIOS_Module__state__V                            
200016e8  ti_sysbios_knl_Clock_Object__table__V                       
20001708  ti_sysbios_knl_Task_Module_State_0_readyQ__A                
20001728  ti_sysbios_knl_Swi_Module__state__V                         
20001744  ti_sysbios_heaps_HeapMem_Object__table__V                   
2000175c  xbeePinTable                                                
20001778  ti_sysbios_family_arm_m3_Timer_Module__state__V             
20001784  _lock                                                       
20001788  _unlock                                                     
2000178c  interruptAssctTable                                         
20001794  interruptSleepTable                                         
2000179c  ledPinTable                                                 
200017a4  i                                                           
200017a8  j                                                           
200017ac  ti_sysbios_family_arm_cc26xx_Timer_Module__state__V         
200017b4  ti_sysbios_family_arm_m3_Hwi_Module__root__V                
200017bc  ti_sysbios_gates_GateHwi_Module__root__V                    
200017c4  ti_sysbios_gates_GateMutex_Module__root__V                  
200017cc  ti_sysbios_heaps_HeapMem_Module__root__V                    
200017d4  ti_sysbios_knl_Clock_Module__root__V                        
200017dc  ti_sysbios_knl_Queue_Module__root__V                        
200017e4  ti_sysbios_knl_Semaphore_Module__root__V                    
200017ec  ti_sysbios_knl_Swi_Module__root__V                          
200017f4  ti_sysbios_knl_Task_Module__root__V                         
200017fc  xdc_runtime_Startup_Module__state__V                        
20001804  xdc_runtime_System_Module__state__V                         
2000180c  main_func_sp                                                
20001810  ti_sysbios_family_arm_m3_Hwi_Module_State_0_excContext__A   
20001814  ti_sysbios_family_arm_m3_Hwi_Module_State_0_excStack__A     
20001818  ti_sysbios_gates_GateHwi_Object__table__V                   
2000181c  ti_sysbios_knl_Task_Module_State_0_idleTask__A              
20001820  xdc_runtime_Memory_Module__state__V                         
20001824  ti_sysbios_family_arm_m3_Hwi_Module_State_0_excActive__A    
20004d00  __stack                                                     
20005000  __STACK_END                                                 
e000e000  ti_sysbios_family_arm_m3_Hwi_nvic                           
ffffffff  __TI_pprof_out_hndl                                         
ffffffff  __TI_prof_data_size                                         
ffffffff  __TI_prof_data_start                                        
ffffffff  __binit__                                                   
ffffffff  __c_args__                                                  
ffffffff  binit                                                       
UNDEFED   SHT$$INIT_ARRAY$$Base                                       
UNDEFED   SHT$$INIT_ARRAY$$Limit                                      

[587 symbols]
